192.168.1.6 - - [21/Sep/2020:14:31:15 +0800] "GET /wp-admin/options-general.php?page=redis-cache HTTP/1.1" 500 5 "-" "Mozilla/5.0 (Windows NT 6.1; Win64; x64) AppleWebKit/537.36 (KHTML, like Gecko) Chrome/78.0.3904.108 Safari/537.36"
192.168.1.6 - - [21/Sep/2020:14:31:15 +0800] "GET /wp-admin/options-general.php?page=redis-cache HTTP/1.1" 500 5 "-" "Mozilla/5.0 (Windows NT 6.1; Win64; x64) AppleWebKit/537.36 (KHTML, like Gecko) Chrome/78.0.3904.108 Safari/537.36"
192.168.1.6 - - [21/Sep/2020:14:31:15 +0800] "GET /wp-admin/options-general.php?page=redis-cache HTTP/1.1" 500 5 "-" "Mozilla/5.0 (Windows NT 6.1; Win64; x64) AppleWebKit/537.36 (KHTML, like Gecko) Chrome/78.0.3904.108 Safari/537.36"
192.168.1.6 - - [21/Sep/2020:14:31:15 +0800] "GET /wp-admin/options-general.php?page=redis-cache HTTP/1.1" 500 5 "-" "Mozilla/5.0 (Windows NT 6.1; Win64; x64) AppleWebKit/537.36 (KHTML, like Gecko) Chrome/78.0.3904.108 Safari/537.36"
192.168.1.6 - - [21/Sep/2020:14:31:18 +0800] "GET / HTTP/1.1" 500 5 "-" "Mozilla/5.0 (Windows NT 6.1; Win64; x64) AppleWebKit/537.36 (KHTML, like Gecko) Chrome/78.0.3904.108 Safari/537.36"
192.168.1.6 - - [21/Sep/2020:14:31:20 +0800] "GET / HTTP/1.1" 500 5 "-" "Mozilla/5.0 (Windows NT 6.1; Win64; x64) AppleWebKit/537.36 (KHTML, like Gecko) Chrome/78.0.3904.108 Safari/537.36"
192.168.1.6 - - [21/Sep/2020:14:31:48 +0800] "GET / HTTP/1.1" 200 27587 "-" "Mozilla/5.0 (Windows NT 6.1; Win64; x64) AppleWebKit/537.36 (KHTML, like Gecko) Chrome/78.0.3904.108 Safari/537.36"
192.168.1.6 - - [21/Sep/2020:14:31:52 +0800] "GET /wp-admin/about.php HTTP/1.1" 499 0 "http://www.blogs.com/" "Mozilla/5.0 (Windows NT 6.1; Win64; x64) AppleWebKit/537.36 (KHTML, like Gecko) Chrome/78.0.3904.108 Safari/537.36"
192.168.1.6 - - [21/Sep/2020:14:31:53 +0800] "GET /wp-admin/about.php HTTP/1.1" 499 0 "http://www.blogs.com/" "Mozilla/5.0 (Windows NT 6.1; Win64; x64) AppleWebKit/537.36 (KHTML, like Gecko) Chrome/78.0.3904.108 Safari/537.36"
192.168.1.6 - - [21/Sep/2020:14:32:11 +0800] "GET /wp-admin/profile.php HTTP/1.1" 499 0 "http://www.blogs.com/" "Mozilla/5.0 (Windows NT 6.1; Win64; x64) AppleWebKit/537.36 (KHTML, like Gecko) Chrome/78.0.3904.108 Safari/537.36"
192.168.1.6 - - [21/Sep/2020:14:32:19 +0800] "GET /wp-admin/load-scripts.php?c=0&load%5Bchunk_0%5D=jquery-core,jquery-migrate,utils,zxcvbn-async&ver=5.4.2 HTTP/1.1" 200 109247 "http://www.blogs.com/wp-admin/profile.php" "Mozilla/5.0 (Windows NT 6.1; Win64; x64) AppleWebKit/537.36 (KHTML, like Gecko) Chrome/78.0.3904.108 Safari/537.36"
192.168.1.6 - - [21/Sep/2020:14:32:21 +0800] "GET /wp-admin/profile.php HTTP/1.1" 200 40396 "http://www.blogs.com/" "Mozilla/5.0 (Windows NT 6.1; Win64; x64) AppleWebKit/537.36 (KHTML, like Gecko) Chrome/78.0.3904.108 Safari/537.36"
192.168.1.6 - - [21/Sep/2020:14:32:26 +0800] "GET /wp-admin/plugins.php HTTP/1.1" 200 46466 "http://www.blogs.com/wp-admin/profile.php" "Mozilla/5.0 (Windows NT 6.1; Win64; x64) AppleWebKit/537.36 (KHTML, like Gecko) Chrome/78.0.3904.108 Safari/537.36"
192.168.1.6 - - [21/Sep/2020:14:32:37 +0800] "GET /wp-admin/plugin-install.php?tab=plugin-information&plugin=redis-cache& HTTP/1.1" 200 50621 "http://www.blogs.com/wp-admin/plugins.php" "Mozilla/5.0 (Windows NT 6.1; Win64; x64) AppleWebKit/537.36 (KHTML, like Gecko) Chrome/78.0.3904.108 Safari/537.36"
192.168.1.6 - - [21/Sep/2020:14:33:27 +0800] "POST /wp-admin/admin-ajax.php HTTP/1.1" 200 58 "http://www.blogs.com/wp-admin/plugins.php" "Mozilla/5.0 (Windows NT 6.1; Win64; x64) AppleWebKit/537.36 (KHTML, like Gecko) Chrome/78.0.3904.108 Safari/537.36"
192.168.1.6 - - [21/Sep/2020:14:33:27 +0800] "GET /wp-admin/options-general.php?page=redis-cache HTTP/1.1" 200 31634 "http://www.blogs.com/wp-admin/plugins.php" "Mozilla/5.0 (Windows NT 6.1; Win64; x64) AppleWebKit/537.36 (KHTML, like Gecko) Chrome/78.0.3904.108 Safari/537.36"
192.168.1.6 - - [21/Sep/2020:14:33:27 +0800] "GET /wp-content/plugins/redis-cache//assets/css/admin.css?ver=2.0.13 HTTP/1.1" 304 0 "http://www.blogs.com/wp-admin/options-general.php?page=redis-cache" "Mozilla/5.0 (Windows NT 6.1; Win64; x64) AppleWebKit/537.36 (KHTML, like Gecko) Chrome/78.0.3904.108 Safari/537.36"
192.168.1.6 - - [21/Sep/2020:14:33:27 +0800] "GET /wp-content/plugins/redis-cache/assets/js/admin.js?ver=2.0.13 HTTP/1.1" 304 0 "http://www.blogs.com/wp-admin/options-general.php?page=redis-cache" "Mozilla/5.0 (Windows NT 6.1; Win64; x64) AppleWebKit/537.36 (KHTML, like Gecko) Chrome/78.0.3904.108 Safari/537.36"
192.168.1.6 - - [21/Sep/2020:14:33:27 +0800] "GET /wp-content/plugins/redis-cache/assets/js/apexcharts.min.js?ver=2.0.13 HTTP/1.1" 304 0 "http://www.blogs.com/wp-admin/options-general.php?page=redis-cache" "Mozilla/5.0 (Windows NT 6.1; Win64; x64) AppleWebKit/537.36 (KHTML, like Gecko) Chrome/78.0.3904.108 Safari/537.36"
192.168.1.6 - - [21/Sep/2020:14:34:28 +0800] "POST /wp-admin/admin-ajax.php HTTP/1.1" 200 58 "http://www.blogs.com/wp-admin/options-general.php?page=redis-cache" "Mozilla/5.0 (Windows NT 6.1; Win64; x64) AppleWebKit/537.36 (KHTML, like Gecko) Chrome/78.0.3904.108 Safari/537.36"
192.168.1.6 - - [21/Sep/2020:14:35:28 +0800] "POST /wp-admin/admin-ajax.php HTTP/1.1" 200 58 "http://www.blogs.com/wp-admin/options-general.php?page=redis-cache" "Mozilla/5.0 (Windows NT 6.1; Win64; x64) AppleWebKit/537.36 (KHTML, like Gecko) Chrome/78.0.3904.108 Safari/537.36"
192.168.1.6 - - [21/Sep/2020:14:35:32 +0800] "GET /wp-admin/options-general.php?page=redis-cache&action=disable-cache&_wpnonce=a4d9375dd1 HTTP/1.1" 302 5 "http://www.blogs.com/wp-admin/options-general.php?page=redis-cache" "Mozilla/5.0 (Windows NT 6.1; Win64; x64) AppleWebKit/537.36 (KHTML, like Gecko) Chrome/78.0.3904.108 Safari/537.36"
192.168.1.6 - - [21/Sep/2020:14:35:32 +0800] "GET /wp-admin/options-general.php?page=redis-cache&settings-updated=1 HTTP/1.1" 200 30092 "http://www.blogs.com/wp-admin/options-general.php?page=redis-cache" "Mozilla/5.0 (Windows NT 6.1; Win64; x64) AppleWebKit/537.36 (KHTML, like Gecko) Chrome/78.0.3904.108 Safari/537.36"
192.168.1.6 - - [21/Sep/2020:14:35:32 +0800] "GET /wp-content/plugins/redis-cache//assets/css/admin.css?ver=2.0.13 HTTP/1.1" 304 0 "http://www.blogs.com/wp-admin/options-general.php?page=redis-cache&settings-updated=1" "Mozilla/5.0 (Windows NT 6.1; Win64; x64) AppleWebKit/537.36 (KHTML, like Gecko) Chrome/78.0.3904.108 Safari/537.36"
192.168.1.6 - - [21/Sep/2020:14:35:32 +0800] "GET /wp-content/plugins/redis-cache/assets/js/admin.js?ver=2.0.13 HTTP/1.1" 304 0 "http://www.blogs.com/wp-admin/options-general.php?page=redis-cache&settings-updated=1" "Mozilla/5.0 (Windows NT 6.1; Win64; x64) AppleWebKit/537.36 (KHTML, like Gecko) Chrome/78.0.3904.108 Safari/537.36"
192.168.1.6 - - [21/Sep/2020:14:35:32 +0800] "GET /wp-content/plugins/redis-cache/assets/js/apexcharts.min.js?ver=2.0.13 HTTP/1.1" 304 0 "http://www.blogs.com/wp-admin/options-general.php?page=redis-cache&settings-updated=1" "Mozilla/5.0 (Windows NT 6.1; Win64; x64) AppleWebKit/537.36 (KHTML, like Gecko) Chrome/78.0.3904.108 Safari/537.36"
192.168.1.6 - - [21/Sep/2020:14:35:42 +0800] "GET /wp-admin/install.php HTTP/1.1" 200 1362 "-" "Mozilla/5.0 (Windows NT 6.1; Win64; x64) AppleWebKit/537.36 (KHTML, like Gecko) Chrome/78.0.3904.108 Safari/537.36"
192.168.1.6 - - [21/Sep/2020:14:35:49 +0800] "GET /phpinfo.php HTTP/1.1" 200 93218 "-" "Mozilla/5.0 (Windows NT 6.1; Win64; x64) AppleWebKit/537.36 (KHTML, like Gecko) Chrome/78.0.3904.108 Safari/537.36"
192.168.1.6 - - [21/Sep/2020:14:36:33 +0800] "POST /wp-admin/admin-ajax.php HTTP/1.1" 200 58 "http://www.blogs.com/wp-admin/options-general.php?page=redis-cache" "Mozilla/5.0 (Windows NT 6.1; Win64; x64) AppleWebKit/537.36 (KHTML, like Gecko) Chrome/78.0.3904.108 Safari/537.36"
192.168.1.6 - - [21/Sep/2020:14:38:33 +0800] "POST /wp-admin/admin-ajax.php HTTP/1.1" 200 58 "http://www.blogs.com/wp-admin/options-general.php?page=redis-cache" "Mozilla/5.0 (Windows NT 6.1; Win64; x64) AppleWebKit/537.36 (KHTML, like Gecko) Chrome/78.0.3904.108 Safari/537.36"
192.168.1.6 - - [21/Sep/2020:14:40:33 +0800] "POST /wp-admin/admin-ajax.php HTTP/1.1" 200 58 "http://www.blogs.com/wp-admin/options-general.php?page=redis-cache" "Mozilla/5.0 (Windows NT 6.1; Win64; x64) AppleWebKit/537.36 (KHTML, like Gecko) Chrome/78.0.3904.108 Safari/537.36"
127.0.0.1 - - [21/Sep/2020:14:42:34 +0800] "POST /wp-cron.php?doing_wp_cron=1600670554.1780369281768798828125 HTTP/1.1" 200 5 "http://www.blogs.com/wp-cron.php?doing_wp_cron=1600670554.1780369281768798828125" "WordPress/5.4.2; http://www.blogs.com"
192.168.1.6 - - [21/Sep/2020:14:42:34 +0800] "POST /wp-admin/admin-ajax.php HTTP/1.1" 200 58 "http://www.blogs.com/wp-admin/options-general.php?page=redis-cache" "Mozilla/5.0 (Windows NT 6.1; Win64; x64) AppleWebKit/537.36 (KHTML, like Gecko) Chrome/78.0.3904.108 Safari/537.36"
192.168.1.6 - - [21/Sep/2020:14:44:31 +0800] "POST /wp-admin/admin-ajax.php HTTP/1.1" 500 5 "http://www.blogs.com/wp-admin/options-general.php?page=redis-cache" "Mozilla/5.0 (Windows NT 6.1; Win64; x64) AppleWebKit/537.36 (KHTML, like Gecko) Chrome/78.0.3904.108 Safari/537.36"
192.168.1.6 - - [21/Sep/2020:14:44:32 +0800] "GET /wp-admin/options-general.php?page=redis-cache HTTP/1.1" 500 5 "http://www.blogs.com/wp-admin/options-general.php?page=redis-cache" "Mozilla/5.0 (Windows NT 6.1; Win64; x64) AppleWebKit/537.36 (KHTML, like Gecko) Chrome/78.0.3904.108 Safari/537.36"
192.168.1.6 - - [21/Sep/2020:14:44:32 +0800] "GET /wp-admin/options-general.php?page=redis-cache HTTP/1.1" 500 5 "http://www.blogs.com/wp-admin/options-general.php?page=redis-cache" "Mozilla/5.0 (Windows NT 6.1; Win64; x64) AppleWebKit/537.36 (KHTML, like Gecko) Chrome/78.0.3904.108 Safari/537.36"
192.168.1.6 - - [21/Sep/2020:14:44:33 +0800] "GET /wp-admin/options-general.php?page=redis-cache HTTP/1.1" 500 5 "http://www.blogs.com/wp-admin/options-general.php?page=redis-cache" "Mozilla/5.0 (Windows NT 6.1; Win64; x64) AppleWebKit/537.36 (KHTML, like Gecko) Chrome/78.0.3904.108 Safari/537.36"
192.168.1.6 - - [21/Sep/2020:14:44:33 +0800] "GET /wp-admin/options-general.php?page=redis-cache HTTP/1.1" 500 5 "http://www.blogs.com/wp-admin/options-general.php?page=redis-cache" "Mozilla/5.0 (Windows NT 6.1; Win64; x64) AppleWebKit/537.36 (KHTML, like Gecko) Chrome/78.0.3904.108 Safari/537.36"
192.168.1.6 - - [21/Sep/2020:14:44:33 +0800] "GET /wp-admin/options-general.php?page=redis-cache HTTP/1.1" 500 5 "http://www.blogs.com/wp-admin/options-general.php?page=redis-cache" "Mozilla/5.0 (Windows NT 6.1; Win64; x64) AppleWebKit/537.36 (KHTML, like Gecko) Chrome/78.0.3904.108 Safari/537.36"
192.168.1.6 - - [21/Sep/2020:14:44:33 +0800] "GET /wp-admin/options-general.php?page=redis-cache HTTP/1.1" 500 5 "http://www.blogs.com/wp-admin/options-general.php?page=redis-cache" "Mozilla/5.0 (Windows NT 6.1; Win64; x64) AppleWebKit/537.36 (KHTML, like Gecko) Chrome/78.0.3904.108 Safari/537.36"
192.168.1.6 - - [21/Sep/2020:14:44:33 +0800] "GET /wp-admin/options-general.php?page=redis-cache HTTP/1.1" 500 5 "http://www.blogs.com/wp-admin/options-general.php?page=redis-cache" "Mozilla/5.0 (Windows NT 6.1; Win64; x64) AppleWebKit/537.36 (KHTML, like Gecko) Chrome/78.0.3904.108 Safari/537.36"
192.168.1.6 - - [21/Sep/2020:14:44:33 +0800] "GET /wp-admin/options-general.php?page=redis-cache HTTP/1.1" 500 5 "http://www.blogs.com/wp-admin/options-general.php?page=redis-cache" "Mozilla/5.0 (Windows NT 6.1; Win64; x64) AppleWebKit/537.36 (KHTML, like Gecko) Chrome/78.0.3904.108 Safari/537.36"
192.168.1.6 - - [21/Sep/2020:14:44:33 +0800] "GET /wp-admin/options-general.php?page=redis-cache HTTP/1.1" 500 5 "http://www.blogs.com/wp-admin/options-general.php?page=redis-cache" "Mozilla/5.0 (Windows NT 6.1; Win64; x64) AppleWebKit/537.36 (KHTML, like Gecko) Chrome/78.0.3904.108 Safari/537.36"
192.168.1.6 - - [21/Sep/2020:14:44:36 +0800] "GET / HTTP/1.1" 500 5 "-" "Mozilla/5.0 (Windows NT 6.1; Win64; x64) AppleWebKit/537.36 (KHTML, like Gecko) Chrome/78.0.3904.108 Safari/537.36"
192.168.1.6 - - [21/Sep/2020:14:47:40 +0800] "GET / HTTP/1.1" 200 27776 "-" "Mozilla/5.0 (Windows NT 6.1; Win64; x64) AppleWebKit/537.36 (KHTML, like Gecko) Chrome/78.0.3904.108 Safari/537.36"
192.168.1.6 - - [21/Sep/2020:14:47:43 +0800] "GET /wp-admin/profile.php HTTP/1.1" 200 40400 "http://www.blogs.com/" "Mozilla/5.0 (Windows NT 6.1; Win64; x64) AppleWebKit/537.36 (KHTML, like Gecko) Chrome/78.0.3904.108 Safari/537.36"
192.168.1.6 - - [21/Sep/2020:14:47:44 +0800] "GET /wp-admin/load-scripts.php?c=0&load%5Bchunk_0%5D=hoverIntent,common,hoverintent-js,admin-bar,password-strength-meter,underscore,wp-util,user-profile,svg-painter&ver=5.4.2 HTTP/1.1" 200 51628 "http://www.blogs.com/wp-admin/profile.php" "Mozilla/5.0 (Windows NT 6.1; Win64; x64) AppleWebKit/537.36 (KHTML, like Gecko) Chrome/78.0.3904.108 Safari/537.36"
192.168.1.6 - - [21/Sep/2020:14:47:44 +0800] "GET /wp-admin/plugins.php HTTP/1.1" 200 46326 "http://www.blogs.com/wp-admin/profile.php" "Mozilla/5.0 (Windows NT 6.1; Win64; x64) AppleWebKit/537.36 (KHTML, like Gecko) Chrome/78.0.3904.108 Safari/537.36"
192.168.1.6 - - [21/Sep/2020:14:47:47 +0800] "GET /wp-admin/options-general.php?page=redis-cache HTTP/1.1" 200 30100 "http://www.blogs.com/wp-admin/plugins.php" "Mozilla/5.0 (Windows NT 6.1; Win64; x64) AppleWebKit/537.36 (KHTML, like Gecko) Chrome/78.0.3904.108 Safari/537.36"
192.168.1.6 - - [21/Sep/2020:14:47:47 +0800] "GET /wp-content/plugins/redis-cache//assets/css/admin.css?ver=2.0.13 HTTP/1.1" 304 0 "http://www.blogs.com/wp-admin/options-general.php?page=redis-cache" "Mozilla/5.0 (Windows NT 6.1; Win64; x64) AppleWebKit/537.36 (KHTML, like Gecko) Chrome/78.0.3904.108 Safari/537.36"
192.168.1.6 - - [21/Sep/2020:14:47:47 +0800] "GET /wp-content/plugins/redis-cache/assets/js/admin.js?ver=2.0.13 HTTP/1.1" 304 0 "http://www.blogs.com/wp-admin/options-general.php?page=redis-cache" "Mozilla/5.0 (Windows NT 6.1; Win64; x64) AppleWebKit/537.36 (KHTML, like Gecko) Chrome/78.0.3904.108 Safari/537.36"
192.168.1.6 - - [21/Sep/2020:14:47:47 +0800] "GET /wp-content/plugins/redis-cache/assets/js/apexcharts.min.js?ver=2.0.13 HTTP/1.1" 304 0 "http://www.blogs.com/wp-admin/options-general.php?page=redis-cache" "Mozilla/5.0 (Windows NT 6.1; Win64; x64) AppleWebKit/537.36 (KHTML, like Gecko) Chrome/78.0.3904.108 Safari/537.36"
192.168.1.6 - - [21/Sep/2020:14:47:51 +0800] "GET /wp-admin/options-general.php?page=redis-cache&action=enable-cache&_wpnonce=faa47e64db HTTP/1.1" 302 5 "http://www.blogs.com/wp-admin/options-general.php?page=redis-cache" "Mozilla/5.0 (Windows NT 6.1; Win64; x64) AppleWebKit/537.36 (KHTML, like Gecko) Chrome/78.0.3904.108 Safari/537.36"
192.168.1.6 - - [21/Sep/2020:14:47:56 +0800] "GET /wp-admin/options-general.php?page=redis-cache&settings-updated=1 HTTP/1.1" 200 31626 "http://www.blogs.com/wp-admin/options-general.php?page=redis-cache" "Mozilla/5.0 (Windows NT 6.1; Win64; x64) AppleWebKit/537.36 (KHTML, like Gecko) Chrome/78.0.3904.108 Safari/537.36"
192.168.1.6 - - [21/Sep/2020:14:48:31 +0800] "GET /wp-admin/options-general.php?page=redis-cache HTTP/1.1" 499 0 "http://www.blogs.com/wp-admin/options-general.php?page=redis-cache" "Mozilla/5.0 (Windows NT 6.1; Win64; x64) AppleWebKit/537.36 (KHTML, like Gecko) Chrome/78.0.3904.108 Safari/537.36"
192.168.1.6 - - [21/Sep/2020:14:48:35 +0800] "GET /wp-admin/options-general.php?page=redis-cache HTTP/1.1" 200 31634 "http://www.blogs.com/wp-admin/options-general.php?page=redis-cache" "Mozilla/5.0 (Windows NT 6.1; Win64; x64) AppleWebKit/537.36 (KHTML, like Gecko) Chrome/78.0.3904.108 Safari/537.36"
192.168.1.6 - - [21/Sep/2020:14:48:41 +0800] "GET /wp-admin/options-general.php?page=redis-cache&action=disable-cache&_wpnonce=a4d9375dd1 HTTP/1.1" 302 5 "http://www.blogs.com/wp-admin/options-general.php?page=redis-cache" "Mozilla/5.0 (Windows NT 6.1; Win64; x64) AppleWebKit/537.36 (KHTML, like Gecko) Chrome/78.0.3904.108 Safari/537.36"
192.168.1.6 - - [21/Sep/2020:14:48:41 +0800] "GET /wp-admin/options-general.php?page=redis-cache&settings-updated=1 HTTP/1.1" 200 30100 "http://www.blogs.com/wp-admin/options-general.php?page=redis-cache" "Mozilla/5.0 (Windows NT 6.1; Win64; x64) AppleWebKit/537.36 (KHTML, like Gecko) Chrome/78.0.3904.108 Safari/537.36"
192.168.1.6 - - [21/Sep/2020:14:48:43 +0800] "GET /wp-admin/options-general.php?page=redis-cache&action=enable-cache&_wpnonce=faa47e64db HTTP/1.1" 302 5 "http://www.blogs.com/wp-admin/options-general.php?page=redis-cache" "Mozilla/5.0 (Windows NT 6.1; Win64; x64) AppleWebKit/537.36 (KHTML, like Gecko) Chrome/78.0.3904.108 Safari/537.36"
192.168.1.6 - - [21/Sep/2020:14:48:47 +0800] "GET /wp-admin/options-general.php?page=redis-cache&settings-updated=1 HTTP/1.1" 200 31634 "http://www.blogs.com/wp-admin/options-general.php?page=redis-cache" "Mozilla/5.0 (Windows NT 6.1; Win64; x64) AppleWebKit/537.36 (KHTML, like Gecko) Chrome/78.0.3904.108 Safari/537.36"
192.168.1.6 - - [21/Sep/2020:14:49:47 +0800] "POST /wp-admin/admin-ajax.php HTTP/1.1" 200 58 "http://www.blogs.com/wp-admin/options-general.php?page=redis-cache" "Mozilla/5.0 (Windows NT 6.1; Win64; x64) AppleWebKit/537.36 (KHTML, like Gecko) Chrome/78.0.3904.108 Safari/537.36"
192.168.1.6 - - [21/Sep/2020:14:51:07 +0800] "POST /wp-admin/admin-ajax.php HTTP/1.1" 200 58 "http://www.blogs.com/wp-admin/options-general.php?page=redis-cache" "Mozilla/5.0 (Windows NT 6.1; Win64; x64) AppleWebKit/537.36 (KHTML, like Gecko) Chrome/78.0.3904.108 Safari/537.36"
192.168.1.6 - - [21/Sep/2020:14:52:07 +0800] "POST /wp-admin/admin-ajax.php HTTP/1.1" 200 58 "http://www.blogs.com/wp-admin/options-general.php?page=redis-cache" "Mozilla/5.0 (Windows NT 6.1; Win64; x64) AppleWebKit/537.36 (KHTML, like Gecko) Chrome/78.0.3904.108 Safari/537.36"
192.168.1.6 - - [21/Sep/2020:14:53:07 +0800] "POST /wp-admin/admin-ajax.php HTTP/1.1" 200 58 "http://www.blogs.com/wp-admin/options-general.php?page=redis-cache" "Mozilla/5.0 (Windows NT 6.1; Win64; x64) AppleWebKit/537.36 (KHTML, like Gecko) Chrome/78.0.3904.108 Safari/537.36"
192.168.1.6 - - [21/Sep/2020:14:54:07 +0800] "POST /wp-admin/admin-ajax.php HTTP/1.1" 200 58 "http://www.blogs.com/wp-admin/options-general.php?page=redis-cache" "Mozilla/5.0 (Windows NT 6.1; Win64; x64) AppleWebKit/537.36 (KHTML, like Gecko) Chrome/78.0.3904.108 Safari/537.36"
192.168.1.6 - - [21/Sep/2020:14:55:07 +0800] "POST /wp-admin/admin-ajax.php HTTP/1.1" 200 58 "http://www.blogs.com/wp-admin/options-general.php?page=redis-cache" "Mozilla/5.0 (Windows NT 6.1; Win64; x64) AppleWebKit/537.36 (KHTML, like Gecko) Chrome/78.0.3904.108 Safari/537.36"
192.168.1.6 - - [21/Sep/2020:14:56:07 +0800] "POST /wp-admin/admin-ajax.php HTTP/1.1" 200 58 "http://www.blogs.com/wp-admin/options-general.php?page=redis-cache" "Mozilla/5.0 (Windows NT 6.1; Win64; x64) AppleWebKit/537.36 (KHTML, like Gecko) Chrome/78.0.3904.108 Safari/537.36"
192.168.1.6 - - [21/Sep/2020:14:57:07 +0800] "POST /wp-admin/admin-ajax.php HTTP/1.1" 200 58 "http://www.blogs.com/wp-admin/options-general.php?page=redis-cache" "Mozilla/5.0 (Windows NT 6.1; Win64; x64) AppleWebKit/537.36 (KHTML, like Gecko) Chrome/78.0.3904.108 Safari/537.36"
192.168.1.6 - - [21/Sep/2020:14:58:32 +0800] "POST /wp-admin/admin-ajax.php HTTP/1.1" 200 58 "http://www.blogs.com/wp-admin/options-general.php?page=redis-cache" "Mozilla/5.0 (Windows NT 6.1; Win64; x64) AppleWebKit/537.36 (KHTML, like Gecko) Chrome/78.0.3904.108 Safari/537.36"
192.168.1.6 - - [21/Sep/2020:14:59:32 +0800] "POST /wp-admin/admin-ajax.php HTTP/1.1" 200 58 "http://www.blogs.com/wp-admin/options-general.php?page=redis-cache" "Mozilla/5.0 (Windows NT 6.1; Win64; x64) AppleWebKit/537.36 (KHTML, like Gecko) Chrome/78.0.3904.108 Safari/537.36"
192.168.1.6 - - [21/Sep/2020:15:01:30 +0800] "POST /wp-admin/admin-ajax.php HTTP/1.1" 200 58 "http://www.blogs.com/wp-admin/options-general.php?page=redis-cache" "Mozilla/5.0 (Windows NT 6.1; Win64; x64) AppleWebKit/537.36 (KHTML, like Gecko) Chrome/78.0.3904.108 Safari/537.36"
192.168.1.6 - - [21/Sep/2020:15:02:30 +0800] "POST /wp-admin/admin-ajax.php HTTP/1.1" 200 58 "http://www.blogs.com/wp-admin/options-general.php?page=redis-cache" "Mozilla/5.0 (Windows NT 6.1; Win64; x64) AppleWebKit/537.36 (KHTML, like Gecko) Chrome/78.0.3904.108 Safari/537.36"
192.168.1.6 - - [21/Sep/2020:15:03:30 +0800] "POST /wp-admin/admin-ajax.php HTTP/1.1" 200 58 "http://www.blogs.com/wp-admin/options-general.php?page=redis-cache" "Mozilla/5.0 (Windows NT 6.1; Win64; x64) AppleWebKit/537.36 (KHTML, like Gecko) Chrome/78.0.3904.108 Safari/537.36"
192.168.1.6 - - [21/Sep/2020:15:04:30 +0800] "POST /wp-admin/admin-ajax.php HTTP/1.1" 200 58 "http://www.blogs.com/wp-admin/options-general.php?page=redis-cache" "Mozilla/5.0 (Windows NT 6.1; Win64; x64) AppleWebKit/537.36 (KHTML, like Gecko) Chrome/78.0.3904.108 Safari/537.36"
192.168.1.6 - - [21/Sep/2020:15:05:30 +0800] "POST /wp-admin/admin-ajax.php HTTP/1.1" 200 58 "http://www.blogs.com/wp-admin/options-general.php?page=redis-cache" "Mozilla/5.0 (Windows NT 6.1; Win64; x64) AppleWebKit/537.36 (KHTML, like Gecko) Chrome/78.0.3904.108 Safari/537.36"
192.168.1.6 - - [21/Sep/2020:15:06:38 +0800] "POST /wp-admin/admin-ajax.php HTTP/1.1" 200 58 "http://www.blogs.com/wp-admin/options-general.php?page=redis-cache" "Mozilla/5.0 (Windows NT 6.1; Win64; x64) AppleWebKit/537.36 (KHTML, like Gecko) Chrome/78.0.3904.108 Safari/537.36"
192.168.1.6 - - [21/Sep/2020:15:07:38 +0800] "POST /wp-admin/admin-ajax.php HTTP/1.1" 200 58 "http://www.blogs.com/wp-admin/options-general.php?page=redis-cache" "Mozilla/5.0 (Windows NT 6.1; Win64; x64) AppleWebKit/537.36 (KHTML, like Gecko) Chrome/78.0.3904.108 Safari/537.36"
192.168.1.6 - - [21/Sep/2020:15:09:38 +0800] "POST /wp-admin/admin-ajax.php HTTP/1.1" 200 58 "http://www.blogs.com/wp-admin/options-general.php?page=redis-cache" "Mozilla/5.0 (Windows NT 6.1; Win64; x64) AppleWebKit/537.36 (KHTML, like Gecko) Chrome/78.0.3904.108 Safari/537.36"
192.168.1.6 - - [21/Sep/2020:15:11:38 +0800] "POST /wp-admin/admin-ajax.php HTTP/1.1" 200 58 "http://www.blogs.com/wp-admin/options-general.php?page=redis-cache" "Mozilla/5.0 (Windows NT 6.1; Win64; x64) AppleWebKit/537.36 (KHTML, like Gecko) Chrome/78.0.3904.108 Safari/537.36"
192.168.1.6 - - [21/Sep/2020:15:12:39 +0800] "POST /wp-admin/admin-ajax.php HTTP/1.1" 200 58 "http://www.blogs.com/wp-admin/options-general.php?page=redis-cache" "Mozilla/5.0 (Windows NT 6.1; Win64; x64) AppleWebKit/537.36 (KHTML, like Gecko) Chrome/78.0.3904.108 Safari/537.36"
192.168.1.6 - - [21/Sep/2020:15:12:49 +0800] "GET /wp-admin/options-general.php?page=redis-cache HTTP/1.1" 200 32040 "http://www.blogs.com/wp-admin/options-general.php?page=redis-cache" "Mozilla/5.0 (Windows NT 6.1; Win64; x64) AppleWebKit/537.36 (KHTML, like Gecko) Chrome/78.0.3904.108 Safari/537.36"
192.168.1.6 - - [21/Sep/2020:15:12:49 +0800] "GET /wp-content/plugins/redis-cache//assets/css/admin.css?ver=2.0.13 HTTP/1.1" 304 0 "http://www.blogs.com/wp-admin/options-general.php?page=redis-cache" "Mozilla/5.0 (Windows NT 6.1; Win64; x64) AppleWebKit/537.36 (KHTML, like Gecko) Chrome/78.0.3904.108 Safari/537.36"
192.168.1.6 - - [21/Sep/2020:15:12:49 +0800] "GET /wp-content/plugins/redis-cache/assets/js/admin.js?ver=2.0.13 HTTP/1.1" 304 0 "http://www.blogs.com/wp-admin/options-general.php?page=redis-cache" "Mozilla/5.0 (Windows NT 6.1; Win64; x64) AppleWebKit/537.36 (KHTML, like Gecko) Chrome/78.0.3904.108 Safari/537.36"
192.168.1.6 - - [21/Sep/2020:15:12:49 +0800] "GET /wp-content/plugins/redis-cache/assets/js/apexcharts.min.js?ver=2.0.13 HTTP/1.1" 304 0 "http://www.blogs.com/wp-admin/options-general.php?page=redis-cache" "Mozilla/5.0 (Windows NT 6.1; Win64; x64) AppleWebKit/537.36 (KHTML, like Gecko) Chrome/78.0.3904.108 Safari/537.36"
192.168.1.6 - - [21/Sep/2020:15:12:53 +0800] "GET /wp-admin/options-general.php?page=redis-cache&action=flush-cache&_wpnonce=1d5cf9f7f7 HTTP/1.1" 302 5 "http://www.blogs.com/wp-admin/options-general.php?page=redis-cache" "Mozilla/5.0 (Windows NT 6.1; Win64; x64) AppleWebKit/537.36 (KHTML, like Gecko) Chrome/78.0.3904.108 Safari/537.36"
192.168.1.6 - - [21/Sep/2020:15:12:57 +0800] "GET /wp-admin/options-general.php?page=redis-cache&settings-updated=1 HTTP/1.1" 200 32191 "http://www.blogs.com/wp-admin/options-general.php?page=redis-cache" "Mozilla/5.0 (Windows NT 6.1; Win64; x64) AppleWebKit/537.36 (KHTML, like Gecko) Chrome/78.0.3904.108 Safari/537.36"
192.168.1.6 - - [21/Sep/2020:15:13:57 +0800] "POST /wp-admin/admin-ajax.php HTTP/1.1" 200 58 "http://www.blogs.com/wp-admin/options-general.php?page=redis-cache" "Mozilla/5.0 (Windows NT 6.1; Win64; x64) AppleWebKit/537.36 (KHTML, like Gecko) Chrome/78.0.3904.108 Safari/537.36"
192.168.1.6 - - [21/Sep/2020:15:14:35 +0800] "GET /wp-admin/options-general.php?page=redis-cache HTTP/1.1" 200 32178 "http://www.blogs.com/wp-admin/options-general.php?page=redis-cache" "Mozilla/5.0 (Windows NT 6.1; Win64; x64) AppleWebKit/537.36 (KHTML, like Gecko) Chrome/78.0.3904.108 Safari/537.36"
192.168.1.6 - - [21/Sep/2020:15:14:38 +0800] "GET /wp-login.php?action=logout&_wpnonce=8ad5acc5bf HTTP/1.1" 302 5 "http://www.blogs.com/wp-admin/options-general.php?page=redis-cache" "Mozilla/5.0 (Windows NT 6.1; Win64; x64) AppleWebKit/537.36 (KHTML, like Gecko) Chrome/78.0.3904.108 Safari/537.36"
192.168.1.6 - - [21/Sep/2020:15:14:38 +0800] "GET /wp-login.php?loggedout=true&wp_lang=zh_CN HTTP/1.1" 200 5222 "http://www.blogs.com/wp-admin/options-general.php?page=redis-cache" "Mozilla/5.0 (Windows NT 6.1; Win64; x64) AppleWebKit/537.36 (KHTML, like Gecko) Chrome/78.0.3904.108 Safari/537.36"
192.168.1.6 - - [21/Sep/2020:15:14:53 +0800] "POST /wp-login.php HTTP/1.1" 302 5 "http://www.blogs.com/wp-login.php?loggedout=true&wp_lang=zh_CN" "Mozilla/5.0 (Windows NT 6.1; Win64; x64) AppleWebKit/537.36 (KHTML, like Gecko) Chrome/78.0.3904.108 Safari/537.36"
192.168.1.6 - - [21/Sep/2020:15:14:54 +0800] "GET /wp-admin/ HTTP/1.1" 499 0 "http://www.blogs.com/wp-login.php?loggedout=true&wp_lang=zh_CN" "Mozilla/5.0 (Windows NT 6.1; Win64; x64) AppleWebKit/537.36 (KHTML, like Gecko) Chrome/78.0.3904.108 Safari/537.36"
192.168.1.6 - - [21/Sep/2020:15:14:54 +0800] "POST /wp-login.php HTTP/1.1" 302 5 "http://www.blogs.com/wp-login.php?loggedout=true&wp_lang=zh_CN" "Mozilla/5.0 (Windows NT 6.1; Win64; x64) AppleWebKit/537.36 (KHTML, like Gecko) Chrome/78.0.3904.108 Safari/537.36"
192.168.1.6 - - [21/Sep/2020:15:14:55 +0800] "GET /wp-admin/ HTTP/1.1" 200 54624 "http://www.blogs.com/wp-login.php?loggedout=true&wp_lang=zh_CN" "Mozilla/5.0 (Windows NT 6.1; Win64; x64) AppleWebKit/537.36 (KHTML, like Gecko) Chrome/78.0.3904.108 Safari/537.36"
192.168.1.6 - - [21/Sep/2020:15:14:57 +0800] "POST /wp-admin/admin-ajax.php HTTP/1.1" 200 544 "http://www.blogs.com/wp-admin/" "Mozilla/5.0 (Windows NT 6.1; Win64; x64) AppleWebKit/537.36 (KHTML, like Gecko) Chrome/78.0.3904.108 Safari/537.36"
192.168.1.6 - - [21/Sep/2020:15:14:57 +0800] "GET /wp-admin/admin-ajax.php?action=dashboard-widgets&widget=dashboard_primary&pagenow=dashboard HTTP/1.1" 499 0 "http://www.blogs.com/wp-admin/" "Mozilla/5.0 (Windows NT 6.1; Win64; x64) AppleWebKit/537.36 (KHTML, like Gecko) Chrome/78.0.3904.108 Safari/537.36"
192.168.1.6 - - [21/Sep/2020:15:14:57 +0800] "GET /wp-admin/users.php HTTP/1.1" 200 37670 "http://www.blogs.com/wp-admin/" "Mozilla/5.0 (Windows NT 6.1; Win64; x64) AppleWebKit/537.36 (KHTML, like Gecko) Chrome/78.0.3904.108 Safari/537.36"
192.168.1.6 - - [21/Sep/2020:15:15:00 +0800] "GET /wp-admin/user-new.php HTTP/1.1" 200 30681 "http://www.blogs.com/wp-admin/users.php" "Mozilla/5.0 (Windows NT 6.1; Win64; x64) AppleWebKit/537.36 (KHTML, like Gecko) Chrome/78.0.3904.108 Safari/537.36"
192.168.1.6 - - [21/Sep/2020:15:15:00 +0800] "GET /wp-admin/load-scripts.php?c=0&load%5Bchunk_0%5D=hoverIntent,common,hoverintent-js,admin-bar,wp-ajax-response,password-strength-meter,underscore,wp-util,user-profile,svg-painter&ver=5.4.2 HTTP/1.1" 200 53729 "http://www.blogs.com/wp-admin/user-new.php" "Mozilla/5.0 (Windows NT 6.1; Win64; x64) AppleWebKit/537.36 (KHTML, like Gecko) Chrome/78.0.3904.108 Safari/537.36"
192.168.1.6 - - [21/Sep/2020:15:15:19 +0800] "POST /wp-admin/user-new.php HTTP/1.1" 200 30815 "http://www.blogs.com/wp-admin/user-new.php" "Mozilla/5.0 (Windows NT 6.1; Win64; x64) AppleWebKit/537.36 (KHTML, like Gecko) Chrome/78.0.3904.108 Safari/537.36"
192.168.1.6 - - [21/Sep/2020:15:15:24 +0800] "POST /wp-admin/user-new.php HTTP/1.1" 302 5 "http://www.blogs.com/wp-admin/user-new.php" "Mozilla/5.0 (Windows NT 6.1; Win64; x64) AppleWebKit/537.36 (KHTML, like Gecko) Chrome/78.0.3904.108 Safari/537.36"
192.168.1.6 - - [21/Sep/2020:15:15:24 +0800] "GET /wp-admin/users.php?update=add&id=3 HTTP/1.1" 200 39724 "http://www.blogs.com/wp-admin/user-new.php" "Mozilla/5.0 (Windows NT 6.1; Win64; x64) AppleWebKit/537.36 (KHTML, like Gecko) Chrome/78.0.3904.108 Safari/537.36"
192.168.1.6 - - [21/Sep/2020:15:15:31 +0800] "GET /wp-login.php?action=logout&_wpnonce=82399421b1 HTTP/1.1" 302 5 "http://www.blogs.com/wp-admin/users.php?id=3" "Mozilla/5.0 (Windows NT 6.1; Win64; x64) AppleWebKit/537.36 (KHTML, like Gecko) Chrome/78.0.3904.108 Safari/537.36"
192.168.1.6 - - [21/Sep/2020:15:15:31 +0800] "GET /wp-login.php?loggedout=true&wp_lang=zh_CN HTTP/1.1" 200 5216 "http://www.blogs.com/wp-admin/users.php?id=3" "Mozilla/5.0 (Windows NT 6.1; Win64; x64) AppleWebKit/537.36 (KHTML, like Gecko) Chrome/78.0.3904.108 Safari/537.36"
192.168.1.6 - - [21/Sep/2020:15:15:41 +0800] "POST /wp-login.php HTTP/1.1" 200 5333 "http://www.blogs.com/wp-login.php?loggedout=true&wp_lang=zh_CN" "Mozilla/5.0 (Windows NT 6.1; Win64; x64) AppleWebKit/537.36 (KHTML, like Gecko) Chrome/78.0.3904.108 Safari/537.36"
127.0.0.1 - - [29/Oct/2020:16:25:01 +0800] "POST /wp-cron.php?doing_wp_cron=1603959901.1995770931243896484375 HTTP/1.1" 200 5 "http://www.blogs.com/wp-cron.php?doing_wp_cron=1603959901.1995770931243896484375" "WordPress/5.4.2; http://www.blogs.com"
192.168.1.6 - - [29/Oct/2020:16:25:01 +0800] "GET /wp-includes/css/dist/block-library/style.min.css?ver=5.4.2 HTTP/1.1" 200 53593 "http://www.blogs.com/" "Mozilla/5.0 (Windows NT 6.1; Win64; x64) AppleWebKit/537.36 (KHTML, like Gecko) Chrome/78.0.3904.108 Safari/537.36"
192.168.1.6 - - [29/Oct/2020:16:25:01 +0800] "GET /wp-content/themes/twentytwenty/assets/js/index.js?ver=1.2 HTTP/1.1" 200 25570 "http://www.blogs.com/" "Mozilla/5.0 (Windows NT 6.1; Win64; x64) AppleWebKit/537.36 (KHTML, like Gecko) Chrome/78.0.3904.108 Safari/537.36"
192.168.1.6 - - [29/Oct/2020:16:25:02 +0800] "GET /wp-content/themes/twentytwenty/style.css?ver=1.2 HTTP/1.1" 200 121057 "http://www.blogs.com/" "Mozilla/5.0 (Windows NT 6.1; Win64; x64) AppleWebKit/537.36 (KHTML, like Gecko) Chrome/78.0.3904.108 Safari/537.36"
192.168.1.6 - - [29/Oct/2020:16:25:02 +0800] "GET /wp-content/themes/twentytwenty/print.css?ver=1.2 HTTP/1.1" 200 2574 "http://www.blogs.com/" "Mozilla/5.0 (Windows NT 6.1; Win64; x64) AppleWebKit/537.36 (KHTML, like Gecko) Chrome/78.0.3904.108 Safari/537.36"
192.168.1.6 - - [29/Oct/2020:16:25:02 +0800] "GET /wp-includes/js/wp-emoji-release.min.js?ver=5.4.2 HTTP/1.1" 200 13901 "http://www.blogs.com/" "Mozilla/5.0 (Windows NT 6.1; Win64; x64) AppleWebKit/537.36 (KHTML, like Gecko) Chrome/78.0.3904.108 Safari/537.36"
192.168.1.6 - - [29/Oct/2020:16:25:02 +0800] "GET / HTTP/1.1" 200 20705 "-" "Mozilla/5.0 (Windows NT 6.1; Win64; x64) AppleWebKit/537.36 (KHTML, like Gecko) Chrome/78.0.3904.108 Safari/537.36"
192.168.1.6 - - [29/Oct/2020:16:25:02 +0800] "GET /wp-includes/js/wp-embed.min.js?ver=5.4.2 HTTP/1.1" 200 1434 "http://www.blogs.com/" "Mozilla/5.0 (Windows NT 6.1; Win64; x64) AppleWebKit/537.36 (KHTML, like Gecko) Chrome/78.0.3904.108 Safari/537.36"
192.168.1.6 - - [29/Oct/2020:16:25:02 +0800] "GET /favicon.ico HTTP/1.1" 404 555 "http://www.blogs.com/" "Mozilla/5.0 (Windows NT 6.1; Win64; x64) AppleWebKit/537.36 (KHTML, like Gecko) Chrome/78.0.3904.108 Safari/537.36"
127.0.0.1 - - [29/Oct/2020:16:25:08 +0800] "POST /wp-cron.php?doing_wp_cron=1603959908.3763868808746337890625 HTTP/1.1" 200 5 "http://www.blogs.com/wp-cron.php?doing_wp_cron=1603959908.3763868808746337890625" "WordPress/5.4.2; http://www.blogs.com"
192.168.1.6 - - [29/Oct/2020:16:25:08 +0800] "GET /wp-login.php HTTP/1.1" 200 4938 "http://www.blogs.com/" "Mozilla/5.0 (Windows NT 6.1; Win64; x64) AppleWebKit/537.36 (KHTML, like Gecko) Chrome/78.0.3904.108 Safari/537.36"
192.168.1.6 - - [29/Oct/2020:16:25:08 +0800] "GET /wp-includes/css/dashicons.min.css?ver=5.4.2 HTTP/1.1" 200 47558 "http://www.blogs.com/wp-login.php" "Mozilla/5.0 (Windows NT 6.1; Win64; x64) AppleWebKit/537.36 (KHTML, like Gecko) Chrome/78.0.3904.108 Safari/537.36"
192.168.1.6 - - [29/Oct/2020:16:25:08 +0800] "GET /wp-includes/css/buttons.min.css?ver=5.4.2 HTTP/1.1" 200 5867 "http://www.blogs.com/wp-login.php" "Mozilla/5.0 (Windows NT 6.1; Win64; x64) AppleWebKit/537.36 (KHTML, like Gecko) Chrome/78.0.3904.108 Safari/537.36"
192.168.1.6 - - [29/Oct/2020:16:25:08 +0800] "GET /wp-admin/css/forms.min.css?ver=5.4.2 HTTP/1.1" 200 24453 "http://www.blogs.com/wp-login.php" "Mozilla/5.0 (Windows NT 6.1; Win64; x64) AppleWebKit/537.36 (KHTML, like Gecko) Chrome/78.0.3904.108 Safari/537.36"
192.168.1.6 - - [29/Oct/2020:16:25:08 +0800] "GET /wp-admin/css/login.min.css?ver=5.4.2 HTTP/1.1" 200 5312 "http://www.blogs.com/wp-login.php" "Mozilla/5.0 (Windows NT 6.1; Win64; x64) AppleWebKit/537.36 (KHTML, like Gecko) Chrome/78.0.3904.108 Safari/537.36"
192.168.1.6 - - [29/Oct/2020:16:25:08 +0800] "GET /wp-admin/css/l10n.min.css?ver=5.4.2 HTTP/1.1" 200 2477 "http://www.blogs.com/wp-login.php" "Mozilla/5.0 (Windows NT 6.1; Win64; x64) AppleWebKit/537.36 (KHTML, like Gecko) Chrome/78.0.3904.108 Safari/537.36"
192.168.1.6 - - [29/Oct/2020:16:25:08 +0800] "GET /wp-includes/js/jquery/jquery.js?ver=1.12.4-wp HTTP/1.1" 200 96873 "http://www.blogs.com/wp-login.php" "Mozilla/5.0 (Windows NT 6.1; Win64; x64) AppleWebKit/537.36 (KHTML, like Gecko) Chrome/78.0.3904.108 Safari/537.36"
192.168.1.6 - - [29/Oct/2020:16:25:08 +0800] "GET /wp-includes/js/jquery/jquery-migrate.min.js?ver=1.4.1 HTTP/1.1" 200 10056 "http://www.blogs.com/wp-login.php" "Mozilla/5.0 (Windows NT 6.1; Win64; x64) AppleWebKit/537.36 (KHTML, like Gecko) Chrome/78.0.3904.108 Safari/537.36"
192.168.1.6 - - [29/Oct/2020:16:25:08 +0800] "GET /wp-includes/js/zxcvbn-async.min.js?ver=1.0 HTTP/1.1" 200 353 "http://www.blogs.com/wp-login.php" "Mozilla/5.0 (Windows NT 6.1; Win64; x64) AppleWebKit/537.36 (KHTML, like Gecko) Chrome/78.0.3904.108 Safari/537.36"
192.168.1.6 - - [29/Oct/2020:16:25:08 +0800] "GET /wp-admin/js/password-strength-meter.min.js?ver=5.4.2 HTTP/1.1" 200 766 "http://www.blogs.com/wp-login.php" "Mozilla/5.0 (Windows NT 6.1; Win64; x64) AppleWebKit/537.36 (KHTML, like Gecko) Chrome/78.0.3904.108 Safari/537.36"
192.168.1.6 - - [29/Oct/2020:16:25:08 +0800] "GET /wp-includes/js/underscore.min.js?ver=1.8.3 HTTP/1.1" 200 16154 "http://www.blogs.com/wp-login.php" "Mozilla/5.0 (Windows NT 6.1; Win64; x64) AppleWebKit/537.36 (KHTML, like Gecko) Chrome/78.0.3904.108 Safari/537.36"
192.168.1.6 - - [29/Oct/2020:16:25:08 +0800] "GET /wp-includes/js/wp-util.min.js?ver=5.4.2 HTTP/1.1" 200 1079 "http://www.blogs.com/wp-login.php" "Mozilla/5.0 (Windows NT 6.1; Win64; x64) AppleWebKit/537.36 (KHTML, like Gecko) Chrome/78.0.3904.108 Safari/537.36"
192.168.1.6 - - [29/Oct/2020:16:25:08 +0800] "GET /wp-admin/js/user-profile.min.js?ver=5.4.2 HTTP/1.1" 200 5583 "http://www.blogs.com/wp-login.php" "Mozilla/5.0 (Windows NT 6.1; Win64; x64) AppleWebKit/537.36 (KHTML, like Gecko) Chrome/78.0.3904.108 Safari/537.36"
192.168.1.6 - - [29/Oct/2020:16:25:09 +0800] "GET /wp-admin/images/wordpress-logo.svg?ver=20131107 HTTP/1.1" 200 1521 "http://www.blogs.com/wp-admin/css/login.min.css?ver=5.4.2" "Mozilla/5.0 (Windows NT 6.1; Win64; x64) AppleWebKit/537.36 (KHTML, like Gecko) Chrome/78.0.3904.108 Safari/537.36"
192.168.1.6 - - [29/Oct/2020:16:25:09 +0800] "GET /wp-includes/js/zxcvbn.min.js HTTP/1.1" 200 822237 "http://www.blogs.com/wp-login.php" "Mozilla/5.0 (Windows NT 6.1; Win64; x64) AppleWebKit/537.36 (KHTML, like Gecko) Chrome/78.0.3904.108 Safari/537.36"
127.0.0.1 - - [29/Oct/2020:16:25:15 +0800] "POST /wp-cron.php?doing_wp_cron=1603959915.5515120029449462890625 HTTP/1.1" 200 5 "http://www.blogs.com/wp-cron.php?doing_wp_cron=1603959915.5515120029449462890625" "WordPress/5.4.2; http://www.blogs.com"
192.168.1.6 - - [29/Oct/2020:16:25:16 +0800] "POST /wp-login.php HTTP/1.1" 302 5 "http://www.blogs.com/wp-login.php" "Mozilla/5.0 (Windows NT 6.1; Win64; x64) AppleWebKit/537.36 (KHTML, like Gecko) Chrome/78.0.3904.108 Safari/537.36"
127.0.0.1 - - [29/Oct/2020:16:25:16 +0800] "POST /wp-cron.php?doing_wp_cron=1603959916.3377490043640136718750 HTTP/1.1" 200 5 "http://www.blogs.com/wp-cron.php?doing_wp_cron=1603959916.3377490043640136718750" "WordPress/5.4.2; http://www.blogs.com"
192.168.1.6 - - [29/Oct/2020:16:25:17 +0800] "GET /wp-admin/ HTTP/1.1" 499 0 "http://www.blogs.com/wp-login.php" "Mozilla/5.0 (Windows NT 6.1; Win64; x64) AppleWebKit/537.36 (KHTML, like Gecko) Chrome/78.0.3904.108 Safari/537.36"
127.0.0.1 - - [29/Oct/2020:16:25:18 +0800] "POST /wp-cron.php?doing_wp_cron=1603959918.1654729843139648437500 HTTP/1.1" 200 5 "http://www.blogs.com/wp-cron.php?doing_wp_cron=1603959918.1654729843139648437500" "WordPress/5.4.2; http://www.blogs.com"
192.168.1.6 - - [29/Oct/2020:16:25:19 +0800] "POST /wp-login.php HTTP/1.1" 302 5 "http://www.blogs.com/wp-login.php" "Mozilla/5.0 (Windows NT 6.1; Win64; x64) AppleWebKit/537.36 (KHTML, like Gecko) Chrome/78.0.3904.108 Safari/537.36"
127.0.0.1 - - [29/Oct/2020:16:25:19 +0800] "POST /wp-cron.php?doing_wp_cron=1603959919.7766869068145751953125 HTTP/1.1" 200 5 "http://www.blogs.com/wp-cron.php?doing_wp_cron=1603959919.7766869068145751953125" "WordPress/5.4.2; http://www.blogs.com"
192.168.1.6 - - [29/Oct/2020:16:25:27 +0800] "GET /wp-includes/js/thickbox/thickbox.css?ver=5.4.2 HTTP/1.1" 200 2658 "http://www.blogs.com/wp-admin/" "Mozilla/5.0 (Windows NT 6.1; Win64; x64) AppleWebKit/537.36 (KHTML, like Gecko) Chrome/78.0.3904.108 Safari/537.36"
192.168.1.6 - - [29/Oct/2020:16:25:28 +0800] "GET /wp-content/plugins/redis-cache//assets/css/admin.css?ver=2.0.13 HTTP/1.1" 200 2978 "http://www.blogs.com/wp-admin/" "Mozilla/5.0 (Windows NT 6.1; Win64; x64) AppleWebKit/537.36 (KHTML, like Gecko) Chrome/78.0.3904.108 Safari/537.36"
192.168.1.6 - - [29/Oct/2020:16:25:28 +0800] "GET /wp-admin/load-scripts.php?c=0&load%5Bchunk_0%5D=jquery-core,jquery-migrate,utils&ver=5.4.2 HTTP/1.1" 200 108893 "http://www.blogs.com/wp-admin/" "Mozilla/5.0 (Windows NT 6.1; Win64; x64) AppleWebKit/537.36 (KHTML, like Gecko) Chrome/78.0.3904.108 Safari/537.36"
192.168.1.6 - - [29/Oct/2020:16:25:28 +0800] "GET /wp-admin/ HTTP/1.1" 200 54447 "http://www.blogs.com/wp-login.php" "Mozilla/5.0 (Windows NT 6.1; Win64; x64) AppleWebKit/537.36 (KHTML, like Gecko) Chrome/78.0.3904.108 Safari/537.36"
192.168.1.6 - - [29/Oct/2020:16:25:28 +0800] "GET /wp-includes/js/dist/vendor/wp-polyfill.min.js?ver=7.4.4 HTTP/1.1" 200 99133 "http://www.blogs.com/wp-admin/" "Mozilla/5.0 (Windows NT 6.1; Win64; x64) AppleWebKit/537.36 (KHTML, like Gecko) Chrome/78.0.3904.108 Safari/537.36"
192.168.1.6 - - [29/Oct/2020:16:25:28 +0800] "GET /wp-admin/load-scripts.php?c=0&load%5Bchunk_0%5D=hoverIntent,common,hoverintent-js,admin-bar,clipboard,underscore,wp-util&ver=5.4.2 HTTP/1.1" 200 50286 "http://www.blogs.com/wp-admin/" "Mozilla/5.0 (Windows NT 6.1; Win64; x64) AppleWebKit/537.36 (KHTML, like Gecko) Chrome/78.0.3904.108 Safari/537.36"
192.168.1.6 - - [29/Oct/2020:16:25:28 +0800] "GET /wp-admin/load-styles.php?c=0&dir=ltr&load%5Bchunk_0%5D=dashicons,admin-bar,site-health,common,forms,admin-menu,dashboard,list-tables,edit,revisions,media,themes,about,nav-menus,wp-poi&load%5Bchunk_1%5D=nter,widgets,site-icon,l10n,buttons,wp-auth-check&ver=5.4.2 HTTP/1.1" 200 362455 "http://www.blogs.com/wp-admin/" "Mozilla/5.0 (Windows NT 6.1; Win64; x64) AppleWebKit/537.36 (KHTML, like Gecko) Chrome/78.0.3904.108 Safari/537.36"
192.168.1.6 - - [29/Oct/2020:16:25:28 +0800] "GET /wp-includes/js/dist/dom-ready.min.js?ver=91fc8f05178d5c6365aec778f840ae17 HTTP/1.1" 200 1219 "http://www.blogs.com/wp-admin/" "Mozilla/5.0 (Windows NT 6.1; Win64; x64) AppleWebKit/537.36 (KHTML, like Gecko) Chrome/78.0.3904.108 Safari/537.36"
192.168.1.6 - - [29/Oct/2020:16:25:28 +0800] "GET /wp-includes/js/dist/a11y.min.js?ver=45f739d280d1244f6cb498ed8f1bf042 HTTP/1.1" 200 2274 "http://www.blogs.com/wp-admin/" "Mozilla/5.0 (Windows NT 6.1; Win64; x64) AppleWebKit/537.36 (KHTML, like Gecko) Chrome/78.0.3904.108 Safari/537.36"
192.168.1.6 - - [29/Oct/2020:16:25:28 +0800] "GET /wp-admin/js/site-health.min.js?ver=5.4.2 HTTP/1.1" 200 5049 "http://www.blogs.com/wp-admin/" "Mozilla/5.0 (Windows NT 6.1; Win64; x64) AppleWebKit/537.36 (KHTML, like Gecko) Chrome/78.0.3904.108 Safari/537.36"
192.168.1.6 - - [29/Oct/2020:16:25:29 +0800] "GET /wp-includes/js/wp-ajax-response.min.js?ver=5.4.2 HTTP/1.1" 200 2100 "http://www.blogs.com/wp-admin/" "Mozilla/5.0 (Windows NT 6.1; Win64; x64) AppleWebKit/537.36 (KHTML, like Gecko) Chrome/78.0.3904.108 Safari/537.36"
192.168.1.6 - - [29/Oct/2020:16:25:29 +0800] "GET /wp-includes/js/jquery/jquery.color.min.js?ver=2.1.2 HTTP/1.1" 200 9315 "http://www.blogs.com/wp-admin/" "Mozilla/5.0 (Windows NT 6.1; Win64; x64) AppleWebKit/537.36 (KHTML, like Gecko) Chrome/78.0.3904.108 Safari/537.36"
192.168.1.6 - - [29/Oct/2020:16:25:28 +0800] "GET /wp-includes/js/dist/i18n.min.js?ver=cced130522e86c87a37cd7b8397b882c HTTP/1.1" 200 9207 "http://www.blogs.com/wp-admin/" "Mozilla/5.0 (Windows NT 6.1; Win64; x64) AppleWebKit/537.36 (KHTML, like Gecko) Chrome/78.0.3904.108 Safari/537.36"
192.168.1.6 - - [29/Oct/2020:16:25:28 +0800] "GET /wp-includes/js/wp-lists.min.js?ver=5.4.2 HTTP/1.1" 200 7436 "http://www.blogs.com/wp-admin/" "Mozilla/5.0 (Windows NT 6.1; Win64; x64) AppleWebKit/537.36 (KHTML, like Gecko) Chrome/78.0.3904.108 Safari/537.36"
192.168.1.6 - - [29/Oct/2020:16:25:29 +0800] "GET /wp-includes/js/jquery/jquery.query.js?ver=2.1.7 HTTP/1.1" 200 3785 "http://www.blogs.com/wp-admin/" "Mozilla/5.0 (Windows NT 6.1; Win64; x64) AppleWebKit/537.36 (KHTML, like Gecko) Chrome/78.0.3904.108 Safari/537.36"
192.168.1.6 - - [29/Oct/2020:16:25:29 +0800] "GET /wp-includes/js/jquery/ui/core.min.js?ver=1.11.4 HTTP/1.1" 200 3931 "http://www.blogs.com/wp-admin/" "Mozilla/5.0 (Windows NT 6.1; Win64; x64) AppleWebKit/537.36 (KHTML, like Gecko) Chrome/78.0.3904.108 Safari/537.36"
192.168.1.6 - - [29/Oct/2020:16:25:29 +0800] "GET /wp-includes/js/quicktags.min.js?ver=5.4.2 HTTP/1.1" 200 11193 "http://www.blogs.com/wp-admin/" "Mozilla/5.0 (Windows NT 6.1; Win64; x64) AppleWebKit/537.36 (KHTML, like Gecko) Chrome/78.0.3904.108 Safari/537.36"
192.168.1.6 - - [29/Oct/2020:16:25:29 +0800] "GET /wp-includes/js/jquery/ui/mouse.min.js?ver=1.11.4 HTTP/1.1" 200 3142 "http://www.blogs.com/wp-admin/" "Mozilla/5.0 (Windows NT 6.1; Win64; x64) AppleWebKit/537.36 (KHTML, like Gecko) Chrome/78.0.3904.108 Safari/537.36"
192.168.1.6 - - [29/Oct/2020:16:25:29 +0800] "GET /wp-admin/js/edit-comments.min.js?ver=5.4.2 HTTP/1.1" 200 15314 "http://www.blogs.com/wp-admin/" "Mozilla/5.0 (Windows NT 6.1; Win64; x64) AppleWebKit/537.36 (KHTML, like Gecko) Chrome/78.0.3904.108 Safari/537.36"
192.168.1.6 - - [29/Oct/2020:16:25:29 +0800] "GET /wp-includes/js/jquery/ui/widget.min.js?ver=1.11.4 HTTP/1.1" 200 6838 "http://www.blogs.com/wp-admin/" "Mozilla/5.0 (Windows NT 6.1; Win64; x64) AppleWebKit/537.36 (KHTML, like Gecko) Chrome/78.0.3904.108 Safari/537.36"
192.168.1.6 - - [29/Oct/2020:16:25:29 +0800] "GET /wp-admin/js/postbox.min.js?ver=5.4.2 HTTP/1.1" 200 4203 "http://www.blogs.com/wp-admin/" "Mozilla/5.0 (Windows NT 6.1; Win64; x64) AppleWebKit/537.36 (KHTML, like Gecko) Chrome/78.0.3904.108 Safari/537.36"
192.168.1.6 - - [29/Oct/2020:16:25:29 +0800] "GET /wp-includes/js/thickbox/thickbox.js?ver=3.1-20121105 HTTP/1.1" 200 13163 "http://www.blogs.com/wp-admin/" "Mozilla/5.0 (Windows NT 6.1; Win64; x64) AppleWebKit/537.36 (KHTML, like Gecko) Chrome/78.0.3904.108 Safari/537.36"
192.168.1.6 - - [29/Oct/2020:16:25:29 +0800] "GET /wp-includes/js/wp-sanitize.min.js?ver=5.4.2 HTTP/1.1" 200 458 "http://www.blogs.com/wp-admin/" "Mozilla/5.0 (Windows NT 6.1; Win64; x64) AppleWebKit/537.36 (KHTML, like Gecko) Chrome/78.0.3904.108 Safari/537.36"
192.168.1.6 - - [29/Oct/2020:16:25:29 +0800] "GET /wp-includes/js/jquery/ui/sortable.min.js?ver=1.11.4 HTTP/1.1" 200 24891 "http://www.blogs.com/wp-admin/" "Mozilla/5.0 (Windows NT 6.1; Win64; x64) AppleWebKit/537.36 (KHTML, like Gecko) Chrome/78.0.3904.108 Safari/537.36"
192.168.1.6 - - [29/Oct/2020:16:25:29 +0800] "GET /wp-admin/js/dashboard.min.js?ver=5.4.2 HTTP/1.1" 200 6688 "http://www.blogs.com/wp-admin/" "Mozilla/5.0 (Windows NT 6.1; Win64; x64) AppleWebKit/537.36 (KHTML, like Gecko) Chrome/78.0.3904.108 Safari/537.36"
192.168.1.6 - - [29/Oct/2020:16:25:29 +0800] "GET /wp-includes/js/shortcode.min.js?ver=5.4.2 HTTP/1.1" 200 2660 "http://www.blogs.com/wp-admin/" "Mozilla/5.0 (Windows NT 6.1; Win64; x64) AppleWebKit/537.36 (KHTML, like Gecko) Chrome/78.0.3904.108 Safari/537.36"
192.168.1.6 - - [29/Oct/2020:16:25:29 +0800] "GET /wp-admin/js/plugin-install.min.js?ver=5.4.2 HTTP/1.1" 200 2418 "http://www.blogs.com/wp-admin/" "Mozilla/5.0 (Windows NT 6.1; Win64; x64) AppleWebKit/537.36 (KHTML, like Gecko) Chrome/78.0.3904.108 Safari/537.36"
192.168.1.6 - - [29/Oct/2020:16:25:29 +0800] "GET /wp-admin/js/svg-painter.js?ver=5.4.2 HTTP/1.1" 200 5532 "http://www.blogs.com/wp-admin/" "Mozilla/5.0 (Windows NT 6.1; Win64; x64) AppleWebKit/537.36 (KHTML, like Gecko) Chrome/78.0.3904.108 Safari/537.36"
192.168.1.6 - - [29/Oct/2020:16:25:29 +0800] "GET /wp-admin/js/updates.min.js?ver=5.4.2 HTTP/1.1" 200 35725 "http://www.blogs.com/wp-admin/" "Mozilla/5.0 (Windows NT 6.1; Win64; x64) AppleWebKit/537.36 (KHTML, like Gecko) Chrome/78.0.3904.108 Safari/537.36"
192.168.1.6 - - [29/Oct/2020:16:25:29 +0800] "GET /wp-includes/js/heartbeat.min.js?ver=5.4.2 HTTP/1.1" 200 5934 "http://www.blogs.com/wp-admin/" "Mozilla/5.0 (Windows NT 6.1; Win64; x64) AppleWebKit/537.36 (KHTML, like Gecko) Chrome/78.0.3904.108 Safari/537.36"
192.168.1.6 - - [29/Oct/2020:16:25:29 +0800] "GET /wp-admin/js/media-upload.min.js?ver=5.4.2 HTTP/1.1" 200 1147 "http://www.blogs.com/wp-admin/" "Mozilla/5.0 (Windows NT 6.1; Win64; x64) AppleWebKit/537.36 (KHTML, like Gecko) Chrome/78.0.3904.108 Safari/537.36"
192.168.1.6 - - [29/Oct/2020:16:25:29 +0800] "GET /wp-content/plugins/redis-cache/assets/js/admin.js?ver=2.0.13 HTTP/1.1" 200 15965 "http://www.blogs.com/wp-admin/" "Mozilla/5.0 (Windows NT 6.1; Win64; x64) AppleWebKit/537.36 (KHTML, like Gecko) Chrome/78.0.3904.108 Safari/537.36"
192.168.1.6 - - [29/Oct/2020:16:25:29 +0800] "GET /wp-includes/js/dist/hooks.min.js?ver=552e55b6e60db2edbd9073097f2686f7 HTTP/1.1" 200 6177 "http://www.blogs.com/wp-admin/" "Mozilla/5.0 (Windows NT 6.1; Win64; x64) AppleWebKit/537.36 (KHTML, like Gecko) Chrome/78.0.3904.108 Safari/537.36"
192.168.1.6 - - [29/Oct/2020:16:25:29 +0800] "GET /wp-includes/js/wp-auth-check.min.js?ver=5.4.2 HTTP/1.1" 200 1815 "http://www.blogs.com/wp-admin/" "Mozilla/5.0 (Windows NT 6.1; Win64; x64) AppleWebKit/537.36 (KHTML, like Gecko) Chrome/78.0.3904.108 Safari/537.36"
192.168.1.6 - - [29/Oct/2020:16:25:30 +0800] "GET /wp-content/plugins/redis-cache/assets/js/apexcharts.min.js?ver=2.0.13 HTTP/1.1" 200 460576 "http://www.blogs.com/wp-admin/" "Mozilla/5.0 (Windows NT 6.1; Win64; x64) AppleWebKit/537.36 (KHTML, like Gecko) Chrome/78.0.3904.108 Safari/537.36"
192.168.1.6 - - [29/Oct/2020:16:25:30 +0800] "GET /wp-includes/js/thickbox/loadingAnimation.gif HTTP/1.1" 200 15238 "http://www.blogs.com/wp-admin/" "Mozilla/5.0 (Windows NT 6.1; Win64; x64) AppleWebKit/537.36 (KHTML, like Gecko) Chrome/78.0.3904.108 Safari/537.36"
127.0.0.1 - - [29/Oct/2020:16:25:30 +0800] "POST /wp-cron.php?doing_wp_cron=1603959930.3256990909576416015625 HTTP/1.1" 200 5 "http://www.blogs.com/wp-cron.php?doing_wp_cron=1603959930.3256990909576416015625" "WordPress/5.4.2; http://www.blogs.com"
127.0.0.1 - - [29/Oct/2020:16:25:30 +0800] "POST /wp-cron.php?doing_wp_cron=1603959930.3346800804138183593750 HTTP/1.1" 200 5 "http://www.blogs.com/wp-cron.php?doing_wp_cron=1603959930.3346800804138183593750" "WordPress/5.4.2; http://www.blogs.com"
192.168.1.6 - - [29/Oct/2020:16:25:31 +0800] "POST /wp-admin/admin-ajax.php HTTP/1.1" 200 1167 "http://www.blogs.com/wp-admin/" "Mozilla/5.0 (Windows NT 6.1; Win64; x64) AppleWebKit/537.36 (KHTML, like Gecko) Chrome/78.0.3904.108 Safari/537.36"
192.168.1.6 - - [29/Oct/2020:16:25:36 +0800] "GET /wp-admin/admin-ajax.php?action=dashboard-widgets&widget=dashboard_primary&pagenow=dashboard HTTP/1.1" 200 1335 "http://www.blogs.com/wp-admin/" "Mozilla/5.0 (Windows NT 6.1; Win64; x64) AppleWebKit/537.36 (KHTML, like Gecko) Chrome/78.0.3904.108 Safari/537.36"
127.0.0.1 - - [29/Oct/2020:16:25:44 +0800] "POST /wp-cron.php?doing_wp_cron=1603959944.6480360031127929687500 HTTP/1.1" 200 5 "http://www.blogs.com/wp-cron.php?doing_wp_cron=1603959944.6480360031127929687500" "WordPress/5.4.2; http://www.blogs.com"
192.168.1.6 - - [29/Oct/2020:16:25:44 +0800] "GET /wp-login.php HTTP/1.1" 200 4956 "http://www.blogs.com/" "Mozilla/5.0 (Windows NT 6.1; Win64; x64) AppleWebKit/537.36 (KHTML, like Gecko) Chrome/78.0.3904.108 Safari/537.36"
127.0.0.1 - - [29/Oct/2020:16:25:45 +0800] "POST /wp-cron.php?doing_wp_cron=1603959945.9735848903656005859375 HTTP/1.1" 200 5 "http://www.blogs.com/wp-cron.php?doing_wp_cron=1603959945.9735848903656005859375" "WordPress/5.4.2; http://www.blogs.com"
192.168.1.6 - - [29/Oct/2020:16:25:47 +0800] "POST /wp-admin/admin-ajax.php HTTP/1.1" 200 1167 "http://www.blogs.com/wp-admin/" "Mozilla/5.0 (Windows NT 6.1; Win64; x64) AppleWebKit/537.36 (KHTML, like Gecko) Chrome/78.0.3904.108 Safari/537.36"
