192.168.1.6 - - [16/Sep/2020:16:20:41 +0800] "GET /wp-login.php?redirect_to=http%3A%2F%2Fwww.blogs.com%2Fwp-admin%2F&reauth=1 HTTP/1.1" 200 4944 "http://www.blogs.com/wp-login.php?redirect_to=http%3A%2F%2Fwww.blogs.com%2Fwp-admin%2F&reauth=1" "Mozilla/5.0 (Windows NT 6.1; Win64; x64) AppleWebKit/537.36 (KHTML, like Gecko) Chrome/78.0.3904.108 Safari/537.36"
127.0.0.1 - - [16/Sep/2020:16:20:41 +0800] "POST /wp-cron.php?doing_wp_cron=1600244441.2819681167602539062500 HTTP/1.1" 200 5 "http://www.blogs.com/wp-cron.php?doing_wp_cron=1600244441.2819681167602539062500" "WordPress/5.4.2; http://www.blogs.com"
192.168.1.6 - - [16/Sep/2020:16:20:41 +0800] "GET /wp-login.php?redirect_to=http%3A%2F%2Fwww.blogs.com%2Fwp-admin%2F&reauth=1 HTTP/1.1" 200 4944 "http://www.blogs.com/wp-login.php?redirect_to=http%3A%2F%2Fwww.blogs.com%2Fwp-admin%2F&reauth=1" "Mozilla/5.0 (Windows NT 6.1; Win64; x64) AppleWebKit/537.36 (KHTML, like Gecko) Chrome/78.0.3904.108 Safari/537.36"
127.0.0.1 - - [16/Sep/2020:16:20:41 +0800] "POST /wp-cron.php?doing_wp_cron=1600244441.4468059539794921875000 HTTP/1.1" 200 5 "http://www.blogs.com/wp-cron.php?doing_wp_cron=1600244441.4468059539794921875000" "WordPress/5.4.2; http://www.blogs.com"
192.168.1.6 - - [16/Sep/2020:16:20:41 +0800] "GET /wp-login.php?redirect_to=http%3A%2F%2Fwww.blogs.com%2Fwp-admin%2F&reauth=1 HTTP/1.1" 200 4944 "http://www.blogs.com/wp-login.php?redirect_to=http%3A%2F%2Fwww.blogs.com%2Fwp-admin%2F&reauth=1" "Mozilla/5.0 (Windows NT 6.1; Win64; x64) AppleWebKit/537.36 (KHTML, like Gecko) Chrome/78.0.3904.108 Safari/537.36"
127.0.0.1 - - [16/Sep/2020:16:20:41 +0800] "POST /wp-cron.php?doing_wp_cron=1600244441.6516239643096923828125 HTTP/1.1" 200 5 "http://www.blogs.com/wp-cron.php?doing_wp_cron=1600244441.6516239643096923828125" "WordPress/5.4.2; http://www.blogs.com"
192.168.1.6 - - [16/Sep/2020:16:20:41 +0800] "GET /wp-login.php?redirect_to=http%3A%2F%2Fwww.blogs.com%2Fwp-admin%2F&reauth=1 HTTP/1.1" 200 4944 "http://www.blogs.com/wp-login.php?redirect_to=http%3A%2F%2Fwww.blogs.com%2Fwp-admin%2F&reauth=1" "Mozilla/5.0 (Windows NT 6.1; Win64; x64) AppleWebKit/537.36 (KHTML, like Gecko) Chrome/78.0.3904.108 Safari/537.36"
127.0.0.1 - - [16/Sep/2020:16:20:41 +0800] "POST /wp-cron.php?doing_wp_cron=1600244441.8376269340515136718750 HTTP/1.1" 200 5 "http://www.blogs.com/wp-cron.php?doing_wp_cron=1600244441.8376269340515136718750" "WordPress/5.4.2; http://www.blogs.com"
192.168.1.6 - - [16/Sep/2020:16:20:41 +0800] "GET /wp-login.php?redirect_to=http%3A%2F%2Fwww.blogs.com%2Fwp-admin%2F&reauth=1 HTTP/1.1" 200 4944 "http://www.blogs.com/wp-login.php?redirect_to=http%3A%2F%2Fwww.blogs.com%2Fwp-admin%2F&reauth=1" "Mozilla/5.0 (Windows NT 6.1; Win64; x64) AppleWebKit/537.36 (KHTML, like Gecko) Chrome/78.0.3904.108 Safari/537.36"
127.0.0.1 - - [16/Sep/2020:16:20:42 +0800] "POST /wp-cron.php?doing_wp_cron=1600244442.1519930362701416015625 HTTP/1.1" 200 5 "http://www.blogs.com/wp-cron.php?doing_wp_cron=1600244442.1519930362701416015625" "WordPress/5.4.2; http://www.blogs.com"
192.168.1.6 - - [16/Sep/2020:16:20:42 +0800] "GET /wp-login.php?redirect_to=http%3A%2F%2Fwww.blogs.com%2Fwp-admin%2F&reauth=1 HTTP/1.1" 200 4944 "http://www.blogs.com/wp-login.php?redirect_to=http%3A%2F%2Fwww.blogs.com%2Fwp-admin%2F&reauth=1" "Mozilla/5.0 (Windows NT 6.1; Win64; x64) AppleWebKit/537.36 (KHTML, like Gecko) Chrome/78.0.3904.108 Safari/537.36"
127.0.0.1 - - [16/Sep/2020:16:20:42 +0800] "POST /wp-cron.php?doing_wp_cron=1600244442.4442770481109619140625 HTTP/1.1" 200 5 "http://www.blogs.com/wp-cron.php?doing_wp_cron=1600244442.4442770481109619140625" "WordPress/5.4.2; http://www.blogs.com"
192.168.1.6 - - [16/Sep/2020:16:20:42 +0800] "GET /wp-login.php?redirect_to=http%3A%2F%2Fwww.blogs.com%2Fwp-admin%2F&reauth=1 HTTP/1.1" 200 4944 "http://www.blogs.com/wp-login.php?redirect_to=http%3A%2F%2Fwww.blogs.com%2Fwp-admin%2F&reauth=1" "Mozilla/5.0 (Windows NT 6.1; Win64; x64) AppleWebKit/537.36 (KHTML, like Gecko) Chrome/78.0.3904.108 Safari/537.36"
192.168.1.6 - - [16/Sep/2020:16:20:42 +0800] "GET /wp-login.php?redirect_to=http%3A%2F%2Fwww.blogs.com%2Fwp-admin%2F&reauth=1 HTTP/1.1" 500 2649 "http://www.blogs.com/wp-login.php?redirect_to=http%3A%2F%2Fwww.blogs.com%2Fwp-admin%2F&reauth=1" "Mozilla/5.0 (Windows NT 6.1; Win64; x64) AppleWebKit/537.36 (KHTML, like Gecko) Chrome/78.0.3904.108 Safari/537.36"
192.168.1.6 - - [16/Sep/2020:16:20:42 +0800] "GET /wp-login.php?redirect_to=http%3A%2F%2Fwww.blogs.com%2Fwp-admin%2F&reauth=1 HTTP/1.1" 500 2649 "http://www.blogs.com/wp-login.php?redirect_to=http%3A%2F%2Fwww.blogs.com%2Fwp-admin%2F&reauth=1" "Mozilla/5.0 (Windows NT 6.1; Win64; x64) AppleWebKit/537.36 (KHTML, like Gecko) Chrome/78.0.3904.108 Safari/537.36"
127.0.0.1 - - [16/Sep/2020:16:20:43 +0800] "POST /wp-cron.php?doing_wp_cron=1600244443.0855019092559814453125 HTTP/1.1" 200 5 "http://www.blogs.com/wp-cron.php?doing_wp_cron=1600244443.0855019092559814453125" "WordPress/5.4.2; http://www.blogs.com"
192.168.1.6 - - [16/Sep/2020:16:20:43 +0800] "GET /wp-login.php?redirect_to=http%3A%2F%2Fwww.blogs.com%2Fwp-admin%2F&reauth=1 HTTP/1.1" 200 4948 "http://www.blogs.com/wp-login.php?redirect_to=http%3A%2F%2Fwww.blogs.com%2Fwp-admin%2F&reauth=1" "Mozilla/5.0 (Windows NT 6.1; Win64; x64) AppleWebKit/537.36 (KHTML, like Gecko) Chrome/78.0.3904.108 Safari/537.36"
192.168.1.6 - - [16/Sep/2020:16:24:32 +0800] "GET /mysql.php HTTP/1.1" 200 39 "-" "Mozilla/5.0 (Windows NT 6.1; Win64; x64) AppleWebKit/537.36 (KHTML, like Gecko) Chrome/78.0.3904.108 Safari/537.36"
127.0.0.1 - - [16/Sep/2020:16:59:32 +0800] "GET /mysql.php HTTP/1.1" 200 39 "-" "curl/7.29.0"
127.0.0.1 - - [16/Sep/2020:16:59:34 +0800] "GET /mysql.php HTTP/1.1" 200 39 "-" "curl/7.29.0"
127.0.0.1 - - [16/Sep/2020:16:59:35 +0800] "GET /mysql.php HTTP/1.1" 200 39 "-" "curl/7.29.0"
127.0.0.1 - - [16/Sep/2020:16:59:36 +0800] "GET /mysql.php HTTP/1.1" 200 39 "-" "curl/7.29.0"
127.0.0.1 - - [16/Sep/2020:16:59:57 +0800] "GET /mysql.php HTTP/1.1" 200 39 "-" "curl/7.29.0"
127.0.0.1 - - [16/Sep/2020:17:00:00 +0800] "GET /mysql.php HTTP/1.1" 200 39 "-" "curl/7.29.0"
127.0.0.1 - - [16/Sep/2020:17:00:15 +0800] "GET /mysql.php HTTP/1.1" 499 0 "-" "curl/7.29.0"
127.0.0.1 - - [16/Sep/2020:18:02:44 +0800] "GET /mysql.php HTTP/1.1" 200 199 "-" "curl/7.29.0"
192.168.1.6 - - [16/Sep/2020:18:03:25 +0800] "GET /wp-admin HTTP/1.1" 301 169 "-" "Mozilla/5.0 (Windows NT 6.1; Win64; x64) AppleWebKit/537.36 (KHTML, like Gecko) Chrome/78.0.3904.108 Safari/537.36"
127.0.0.1 - - [16/Sep/2020:18:03:28 +0800] "POST /wp-cron.php?doing_wp_cron=1600250608.5733098983764648437500 HTTP/1.1" 200 5 "http://www.blogs.com/wp-cron.php?doing_wp_cron=1600250608.5733098983764648437500" "WordPress/5.4.2; http://www.blogs.com"
192.168.1.6 - - [16/Sep/2020:18:03:29 +0800] "GET /wp-admin/ HTTP/1.1" 302 5 "-" "Mozilla/5.0 (Windows NT 6.1; Win64; x64) AppleWebKit/537.36 (KHTML, like Gecko) Chrome/78.0.3904.108 Safari/537.36"
192.168.1.6 - - [16/Sep/2020:18:03:29 +0800] "GET /wp-login.php?redirect_to=http%3A%2F%2Fwww.blogs.com%2Fwp-admin%2F&reauth=1 HTTP/1.1" 500 2649 "-" "Mozilla/5.0 (Windows NT 6.1; Win64; x64) AppleWebKit/537.36 (KHTML, like Gecko) Chrome/78.0.3904.108 Safari/537.36"
192.168.1.6 - - [16/Sep/2020:18:03:29 +0800] "GET /favicon.ico HTTP/1.1" 404 555 "http://www.blogs.com/wp-login.php?redirect_to=http%3A%2F%2Fwww.blogs.com%2Fwp-admin%2F&reauth=1" "Mozilla/5.0 (Windows NT 6.1; Win64; x64) AppleWebKit/537.36 (KHTML, like Gecko) Chrome/78.0.3904.108 Safari/537.36"
192.168.1.6 - - [16/Sep/2020:18:03:45 +0800] "GET / HTTP/1.1" 500 2649 "-" "Mozilla/5.0 (Windows NT 6.1; Win64; x64) AppleWebKit/537.36 (KHTML, like Gecko) Chrome/78.0.3904.108 Safari/537.36"
127.0.0.1 - - [16/Sep/2020:18:03:47 +0800] "POST /wp-cron.php?doing_wp_cron=1600250627.9373400211334228515625 HTTP/1.1" 200 5 "http://www.blogs.com/wp-cron.php?doing_wp_cron=1600250627.9373400211334228515625" "WordPress/5.4.2; http://www.blogs.com"
192.168.1.6 - - [16/Sep/2020:18:03:48 +0800] "GET /wp-content/themes/twentytwenty/style.css?ver=1.2 HTTP/1.1" 200 121057 "http://www.blogs.com/" "Mozilla/5.0 (Windows NT 6.1; Win64; x64) AppleWebKit/537.36 (KHTML, like Gecko) Chrome/78.0.3904.108 Safari/537.36"
192.168.1.6 - - [16/Sep/2020:18:03:48 +0800] "GET /wp-includes/css/dist/block-library/style.min.css?ver=5.4.2 HTTP/1.1" 200 53593 "http://www.blogs.com/" "Mozilla/5.0 (Windows NT 6.1; Win64; x64) AppleWebKit/537.36 (KHTML, like Gecko) Chrome/78.0.3904.108 Safari/537.36"
192.168.1.6 - - [16/Sep/2020:18:03:48 +0800] "GET / HTTP/1.1" 200 41329 "-" "Mozilla/5.0 (Windows NT 6.1; Win64; x64) AppleWebKit/537.36 (KHTML, like Gecko) Chrome/78.0.3904.108 Safari/537.36"
192.168.1.6 - - [16/Sep/2020:18:03:48 +0800] "GET /wp-includes/js/wp-emoji-release.min.js?ver=5.4.2 HTTP/1.1" 200 13901 "http://www.blogs.com/" "Mozilla/5.0 (Windows NT 6.1; Win64; x64) AppleWebKit/537.36 (KHTML, like Gecko) Chrome/78.0.3904.108 Safari/537.36"
192.168.1.6 - - [16/Sep/2020:18:03:48 +0800] "GET /wp-includes/js/wp-embed.min.js?ver=5.4.2 HTTP/1.1" 200 1434 "http://www.blogs.com/" "Mozilla/5.0 (Windows NT 6.1; Win64; x64) AppleWebKit/537.36 (KHTML, like Gecko) Chrome/78.0.3904.108 Safari/537.36"
192.168.1.6 - - [16/Sep/2020:18:03:48 +0800] "GET /wp-content/themes/twentytwenty/assets/js/index.js?ver=1.2 HTTP/1.1" 200 25570 "http://www.blogs.com/" "Mozilla/5.0 (Windows NT 6.1; Win64; x64) AppleWebKit/537.36 (KHTML, like Gecko) Chrome/78.0.3904.108 Safari/537.36"
192.168.1.6 - - [16/Sep/2020:18:03:48 +0800] "GET /wp-content/themes/twentytwenty/assets/images/2020-three-quarters-1.png HTTP/1.1" 200 2333 "http://www.blogs.com/" "Mozilla/5.0 (Windows NT 6.1; Win64; x64) AppleWebKit/537.36 (KHTML, like Gecko) Chrome/78.0.3904.108 Safari/537.36"
192.168.1.6 - - [16/Sep/2020:18:03:48 +0800] "GET /wp-content/themes/twentytwenty/assets/images/2020-three-quarters-2.png HTTP/1.1" 200 2708 "http://www.blogs.com/" "Mozilla/5.0 (Windows NT 6.1; Win64; x64) AppleWebKit/537.36 (KHTML, like Gecko) Chrome/78.0.3904.108 Safari/537.36"
192.168.1.6 - - [16/Sep/2020:18:03:48 +0800] "GET /wp-content/themes/twentytwenty/assets/fonts/inter/Inter-upright-var.woff2 HTTP/1.1" 200 223892 "http://www.blogs.com/wp-content/themes/twentytwenty/style.css?ver=1.2" "Mozilla/5.0 (Windows NT 6.1; Win64; x64) AppleWebKit/537.36 (KHTML, like Gecko) Chrome/78.0.3904.108 Safari/537.36"
192.168.1.6 - - [16/Sep/2020:18:03:48 +0800] "GET /wp-content/themes/twentytwenty/assets/images/2020-three-quarters-3.png HTTP/1.1" 200 26106 "http://www.blogs.com/" "Mozilla/5.0 (Windows NT 6.1; Win64; x64) AppleWebKit/537.36 (KHTML, like Gecko) Chrome/78.0.3904.108 Safari/537.36"
192.168.1.6 - - [16/Sep/2020:18:03:48 +0800] "GET /wp-content/themes/twentytwenty/assets/images/2020-three-quarters-4.png HTTP/1.1" 200 2185 "http://www.blogs.com/" "Mozilla/5.0 (Windows NT 6.1; Win64; x64) AppleWebKit/537.36 (KHTML, like Gecko) Chrome/78.0.3904.108 Safari/537.36"
192.168.1.6 - - [16/Sep/2020:18:03:48 +0800] "GET /wp-content/themes/twentytwenty/assets/images/2020-square-2.png HTTP/1.1" 200 3366 "http://www.blogs.com/" "Mozilla/5.0 (Windows NT 6.1; Win64; x64) AppleWebKit/537.36 (KHTML, like Gecko) Chrome/78.0.3904.108 Safari/537.36"
192.168.1.6 - - [16/Sep/2020:18:03:48 +0800] "GET /wp-content/themes/twentytwenty/assets/images/2020-landscape-2.png HTTP/1.1" 200 6248 "http://www.blogs.com/" "Mozilla/5.0 (Windows NT 6.1; Win64; x64) AppleWebKit/537.36 (KHTML, like Gecko) Chrome/78.0.3904.108 Safari/537.36"
192.168.1.6 - - [16/Sep/2020:18:03:48 +0800] "GET /wp-content/themes/twentytwenty/assets/images/2020-square-1.png HTTP/1.1" 200 4201 "http://www.blogs.com/" "Mozilla/5.0 (Windows NT 6.1; Win64; x64) AppleWebKit/537.36 (KHTML, like Gecko) Chrome/78.0.3904.108 Safari/537.36"
192.168.1.6 - - [16/Sep/2020:18:03:48 +0800] "GET /wp-content/themes/twentytwenty/print.css?ver=1.2 HTTP/1.1" 200 2574 "http://www.blogs.com/" "Mozilla/5.0 (Windows NT 6.1; Win64; x64) AppleWebKit/537.36 (KHTML, like Gecko) Chrome/78.0.3904.108 Safari/537.36"
127.0.0.1 - - [16/Sep/2020:18:04:00 +0800] "POST /wp-cron.php?doing_wp_cron=1600250640.1267371177673339843750 HTTP/1.1" 200 5 "http://www.blogs.com/wp-cron.php?doing_wp_cron=1600250640.1267371177673339843750" "WordPress/5.4.2; http://www.blogs.com"
192.168.1.6 - - [16/Sep/2020:18:04:00 +0800] "GET / HTTP/1.1" 200 41329 "http://www.blogs.com/" "Mozilla/5.0 (Windows NT 6.1; Win64; x64) AppleWebKit/537.36 (KHTML, like Gecko) Chrome/78.0.3904.108 Safari/537.36"
192.168.1.6 - - [16/Sep/2020:18:04:05 +0800] "GET / HTTP/1.1" 500 2649 "-" "Mozilla/5.0 (Windows NT 6.1; Win64; x64) AppleWebKit/537.36 (KHTML, like Gecko) Chrome/78.0.3904.108 Safari/537.36"
127.0.0.1 - - [16/Sep/2020:18:04:08 +0800] "POST /wp-cron.php?doing_wp_cron=1600250648.1117639541625976562500 HTTP/1.1" 200 5 "http://www.blogs.com/wp-cron.php?doing_wp_cron=1600250648.1117639541625976562500" "WordPress/5.4.2; http://www.blogs.com"
192.168.1.6 - - [16/Sep/2020:18:04:08 +0800] "GET / HTTP/1.1" 200 41329 "-" "Mozilla/5.0 (Windows NT 6.1; Win64; x64) AppleWebKit/537.36 (KHTML, like Gecko) Chrome/78.0.3904.108 Safari/537.36"
127.0.0.1 - - [16/Sep/2020:18:05:12 +0800] "POST /wp-cron.php?doing_wp_cron=1600250712.3549969196319580078125 HTTP/1.1" 200 5 "http://www.blogs.com/wp-cron.php?doing_wp_cron=1600250712.3549969196319580078125" "WordPress/5.4.2; http://www.blogs.com"
192.168.1.6 - - [16/Sep/2020:18:05:12 +0800] "GET /wp-admin/install.php HTTP/1.1" 200 1362 "-" "Mozilla/5.0 (Windows NT 6.1; Win64; x64) AppleWebKit/537.36 (KHTML, like Gecko) Chrome/78.0.3904.108 Safari/537.36"
192.168.1.6 - - [16/Sep/2020:18:05:12 +0800] "GET /wp-includes/css/dashicons.min.css?ver=5.4.2 HTTP/1.1" 200 47558 "http://www.blogs.com/wp-admin/install.php" "Mozilla/5.0 (Windows NT 6.1; Win64; x64) AppleWebKit/537.36 (KHTML, like Gecko) Chrome/78.0.3904.108 Safari/537.36"
192.168.1.6 - - [16/Sep/2020:18:05:12 +0800] "GET /wp-includes/css/buttons.min.css?ver=5.4.2 HTTP/1.1" 200 5867 "http://www.blogs.com/wp-admin/install.php" "Mozilla/5.0 (Windows NT 6.1; Win64; x64) AppleWebKit/537.36 (KHTML, like Gecko) Chrome/78.0.3904.108 Safari/537.36"
192.168.1.6 - - [16/Sep/2020:18:05:12 +0800] "GET /wp-admin/css/forms.min.css?ver=5.4.2 HTTP/1.1" 200 24453 "http://www.blogs.com/wp-admin/install.php" "Mozilla/5.0 (Windows NT 6.1; Win64; x64) AppleWebKit/537.36 (KHTML, like Gecko) Chrome/78.0.3904.108 Safari/537.36"
192.168.1.6 - - [16/Sep/2020:18:05:12 +0800] "GET /wp-admin/css/l10n.min.css?ver=5.4.2 HTTP/1.1" 200 2477 "http://www.blogs.com/wp-admin/install.php" "Mozilla/5.0 (Windows NT 6.1; Win64; x64) AppleWebKit/537.36 (KHTML, like Gecko) Chrome/78.0.3904.108 Safari/537.36"
192.168.1.6 - - [16/Sep/2020:18:05:12 +0800] "GET /wp-admin/css/install.min.css?ver=5.4.2 HTTP/1.1" 200 5126 "http://www.blogs.com/wp-admin/install.php" "Mozilla/5.0 (Windows NT 6.1; Win64; x64) AppleWebKit/537.36 (KHTML, like Gecko) Chrome/78.0.3904.108 Safari/537.36"
192.168.1.6 - - [16/Sep/2020:18:05:13 +0800] "GET /wp-admin/images/wordpress-logo.svg?ver=20131107 HTTP/1.1" 200 1521 "http://www.blogs.com/wp-admin/css/install.min.css?ver=5.4.2" "Mozilla/5.0 (Windows NT 6.1; Win64; x64) AppleWebKit/537.36 (KHTML, like Gecko) Chrome/78.0.3904.108 Safari/537.36"
127.0.0.1 - - [16/Sep/2020:18:05:19 +0800] "POST /wp-cron.php?doing_wp_cron=1600250719.2651879787445068359375 HTTP/1.1" 200 5 "http://www.blogs.com/wp-cron.php?doing_wp_cron=1600250719.2651879787445068359375" "WordPress/5.4.2; http://www.blogs.com"
192.168.1.6 - - [16/Sep/2020:18:05:19 +0800] "GET /wp-login.php HTTP/1.1" 200 4944 "http://www.blogs.com/wp-admin/install.php" "Mozilla/5.0 (Windows NT 6.1; Win64; x64) AppleWebKit/537.36 (KHTML, like Gecko) Chrome/78.0.3904.108 Safari/537.36"
192.168.1.6 - - [16/Sep/2020:18:05:19 +0800] "GET /wp-admin/css/login.min.css?ver=5.4.2 HTTP/1.1" 200 5312 "http://www.blogs.com/wp-login.php" "Mozilla/5.0 (Windows NT 6.1; Win64; x64) AppleWebKit/537.36 (KHTML, like Gecko) Chrome/78.0.3904.108 Safari/537.36"
192.168.1.6 - - [16/Sep/2020:18:05:19 +0800] "GET /wp-includes/js/zxcvbn-async.min.js?ver=1.0 HTTP/1.1" 200 353 "http://www.blogs.com/wp-login.php" "Mozilla/5.0 (Windows NT 6.1; Win64; x64) AppleWebKit/537.36 (KHTML, like Gecko) Chrome/78.0.3904.108 Safari/537.36"
192.168.1.6 - - [16/Sep/2020:18:05:19 +0800] "GET /wp-includes/js/jquery/jquery.js?ver=1.12.4-wp HTTP/1.1" 200 96873 "http://www.blogs.com/wp-login.php" "Mozilla/5.0 (Windows NT 6.1; Win64; x64) AppleWebKit/537.36 (KHTML, like Gecko) Chrome/78.0.3904.108 Safari/537.36"
192.168.1.6 - - [16/Sep/2020:18:05:19 +0800] "GET /wp-admin/js/password-strength-meter.min.js?ver=5.4.2 HTTP/1.1" 200 766 "http://www.blogs.com/wp-login.php" "Mozilla/5.0 (Windows NT 6.1; Win64; x64) AppleWebKit/537.36 (KHTML, like Gecko) Chrome/78.0.3904.108 Safari/537.36"
192.168.1.6 - - [16/Sep/2020:18:05:19 +0800] "GET /wp-includes/js/jquery/jquery-migrate.min.js?ver=1.4.1 HTTP/1.1" 200 10056 "http://www.blogs.com/wp-login.php" "Mozilla/5.0 (Windows NT 6.1; Win64; x64) AppleWebKit/537.36 (KHTML, like Gecko) Chrome/78.0.3904.108 Safari/537.36"
192.168.1.6 - - [16/Sep/2020:18:05:19 +0800] "GET /wp-admin/js/user-profile.min.js?ver=5.4.2 HTTP/1.1" 200 5583 "http://www.blogs.com/wp-login.php" "Mozilla/5.0 (Windows NT 6.1; Win64; x64) AppleWebKit/537.36 (KHTML, like Gecko) Chrome/78.0.3904.108 Safari/537.36"
192.168.1.6 - - [16/Sep/2020:18:05:19 +0800] "GET /wp-includes/js/wp-util.min.js?ver=5.4.2 HTTP/1.1" 200 1079 "http://www.blogs.com/wp-login.php" "Mozilla/5.0 (Windows NT 6.1; Win64; x64) AppleWebKit/537.36 (KHTML, like Gecko) Chrome/78.0.3904.108 Safari/537.36"
192.168.1.6 - - [16/Sep/2020:18:05:19 +0800] "GET /wp-includes/js/underscore.min.js?ver=1.8.3 HTTP/1.1" 200 16154 "http://www.blogs.com/wp-login.php" "Mozilla/5.0 (Windows NT 6.1; Win64; x64) AppleWebKit/537.36 (KHTML, like Gecko) Chrome/78.0.3904.108 Safari/537.36"
192.168.1.6 - - [16/Sep/2020:18:05:19 +0800] "GET /wp-includes/js/zxcvbn.min.js HTTP/1.1" 200 822237 "http://www.blogs.com/wp-login.php" "Mozilla/5.0 (Windows NT 6.1; Win64; x64) AppleWebKit/537.36 (KHTML, like Gecko) Chrome/78.0.3904.108 Safari/537.36"
192.168.1.6 - - [16/Sep/2020:18:05:23 +0800] "POST /wp-login.php HTTP/1.1" 500 2649 "http://www.blogs.com/wp-login.php" "Mozilla/5.0 (Windows NT 6.1; Win64; x64) AppleWebKit/537.36 (KHTML, like Gecko) Chrome/78.0.3904.108 Safari/537.36"
192.168.1.6 - - [16/Sep/2020:18:05:45 +0800] "POST /wp-login.php HTTP/1.1" 500 2649 "http://www.blogs.com/wp-login.php" "Mozilla/5.0 (Windows NT 6.1; Win64; x64) AppleWebKit/537.36 (KHTML, like Gecko) Chrome/78.0.3904.108 Safari/537.36"
127.0.0.1 - - [16/Sep/2020:18:05:58 +0800] "POST /wp-cron.php?doing_wp_cron=1600250758.1569910049438476562500 HTTP/1.1" 200 5 "http://www.blogs.com/wp-cron.php?doing_wp_cron=1600250758.1569910049438476562500" "WordPress/5.4.2; http://www.blogs.com"
192.168.1.6 - - [16/Sep/2020:18:05:58 +0800] "GET / HTTP/1.1" 200 41329 "http://www.blogs.com/wp-login.php" "Mozilla/5.0 (Windows NT 6.1; Win64; x64) AppleWebKit/537.36 (KHTML, like Gecko) Chrome/78.0.3904.108 Safari/537.36"
127.0.0.1 - - [16/Sep/2020:18:06:36 +0800] "GET /mysql.php HTTP/1.1" 200 39 "-" "curl/7.29.0"
127.0.0.1 - - [16/Sep/2020:18:07:02 +0800] "GET /mysql.php HTTP/1.1" 200 39 "-" "curl/7.29.0"
192.168.1.6 - - [16/Sep/2020:18:09:00 +0800] "GET /wp-admin/install.php HTTP/1.1" 500 3291 "-" "Mozilla/5.0 (Windows NT 6.1; Win64; x64) AppleWebKit/537.36 (KHTML, like Gecko) Chrome/78.0.3904.108 Safari/537.36"
192.168.1.6 - - [16/Sep/2020:18:09:00 +0800] "GET /favicon.ico HTTP/1.1" 404 555 "http://www.blogs.com/wp-admin/install.php" "Mozilla/5.0 (Windows NT 6.1; Win64; x64) AppleWebKit/537.36 (KHTML, like Gecko) Chrome/78.0.3904.108 Safari/537.36"
192.168.1.6 - - [16/Sep/2020:18:13:22 +0800] "GET /wp-admin/install.php HTTP/1.1" 500 3268 "-" "Mozilla/5.0 (Windows NT 6.1; Win64; x64) AppleWebKit/537.36 (KHTML, like Gecko) Chrome/78.0.3904.108 Safari/537.36"
192.168.1.6 - - [16/Sep/2020:18:13:26 +0800] "GET /wp-admin/install.php HTTP/1.1" 500 3291 "-" "Mozilla/5.0 (Windows NT 6.1; Win64; x64) AppleWebKit/537.36 (KHTML, like Gecko) Chrome/78.0.3904.108 Safari/537.36"
192.168.1.6 - - [16/Sep/2020:18:14:31 +0800] "GET /wp-admin/install.php HTTP/1.1" 500 3268 "-" "Mozilla/5.0 (Windows NT 6.1; Win64; x64) AppleWebKit/537.36 (KHTML, like Gecko) Chrome/78.0.3904.108 Safari/537.36"
127.0.0.1 - - [16/Sep/2020:18:14:32 +0800] "POST /wp-cron.php?doing_wp_cron=1600251272.7598719596862792968750 HTTP/1.1" 200 5 "http://www.blogs.com/wp-cron.php?doing_wp_cron=1600251272.7598719596862792968750" "WordPress/5.4.2; http://www.blogs.com"
192.168.1.6 - - [16/Sep/2020:18:14:32 +0800] "GET /wp-admin/install.php HTTP/1.1" 200 1362 "-" "Mozilla/5.0 (Windows NT 6.1; Win64; x64) AppleWebKit/537.36 (KHTML, like Gecko) Chrome/78.0.3904.108 Safari/537.36"
127.0.0.1 - - [16/Sep/2020:18:14:34 +0800] "POST /wp-cron.php?doing_wp_cron=1600251274.6117439270019531250000 HTTP/1.1" 200 5 "http://www.blogs.com/wp-cron.php?doing_wp_cron=1600251274.6117439270019531250000" "WordPress/5.4.2; http://www.blogs.com"
192.168.1.6 - - [16/Sep/2020:18:14:34 +0800] "GET /wp-login.php HTTP/1.1" 200 4944 "http://www.blogs.com/wp-admin/install.php" "Mozilla/5.0 (Windows NT 6.1; Win64; x64) AppleWebKit/537.36 (KHTML, like Gecko) Chrome/78.0.3904.108 Safari/537.36"
127.0.0.1 - - [16/Sep/2020:18:14:38 +0800] "POST /wp-cron.php?doing_wp_cron=1600251278.6819069385528564453125 HTTP/1.1" 200 5 "http://www.blogs.com/wp-cron.php?doing_wp_cron=1600251278.6819069385528564453125" "WordPress/5.4.2; http://www.blogs.com"
192.168.1.6 - - [16/Sep/2020:18:14:38 +0800] "POST /wp-login.php HTTP/1.1" 302 5 "http://www.blogs.com/wp-login.php" "Mozilla/5.0 (Windows NT 6.1; Win64; x64) AppleWebKit/537.36 (KHTML, like Gecko) Chrome/78.0.3904.108 Safari/537.36"
127.0.0.1 - - [16/Sep/2020:18:14:38 +0800] "POST /wp-cron.php?doing_wp_cron=1600251278.8012900352478027343750 HTTP/1.1" 200 5 "http://www.blogs.com/wp-cron.php?doing_wp_cron=1600251278.8012900352478027343750" "WordPress/5.4.2; http://www.blogs.com"
192.168.1.6 - - [16/Sep/2020:18:14:38 +0800] "GET /wp-admin/ HTTP/1.1" 302 5 "http://www.blogs.com/wp-login.php" "Mozilla/5.0 (Windows NT 6.1; Win64; x64) AppleWebKit/537.36 (KHTML, like Gecko) Chrome/78.0.3904.108 Safari/537.36"
127.0.0.1 - - [16/Sep/2020:18:14:38 +0800] "POST /wp-cron.php?doing_wp_cron=1600251278.8588690757751464843750 HTTP/1.1" 200 5 "http://www.blogs.com/wp-cron.php?doing_wp_cron=1600251278.8588690757751464843750" "WordPress/5.4.2; http://www.blogs.com"
192.168.1.6 - - [16/Sep/2020:18:14:38 +0800] "GET /wp-login.php?redirect_to=http%3A%2F%2Fwww.blogs.com%2Fwp-admin%2F&reauth=1 HTTP/1.1" 200 4944 "http://www.blogs.com/wp-login.php" "Mozilla/5.0 (Windows NT 6.1; Win64; x64) AppleWebKit/537.36 (KHTML, like Gecko) Chrome/78.0.3904.108 Safari/537.36"
127.0.0.1 - - [16/Sep/2020:18:14:42 +0800] "POST /wp-cron.php?doing_wp_cron=1600251282.3362429141998291015625 HTTP/1.1" 200 5 "http://www.blogs.com/wp-cron.php?doing_wp_cron=1600251282.3362429141998291015625" "WordPress/5.4.2; http://www.blogs.com"
192.168.1.6 - - [16/Sep/2020:18:14:42 +0800] "POST /wp-login.php HTTP/1.1" 302 5 "http://www.blogs.com/wp-login.php?redirect_to=http%3A%2F%2Fwww.blogs.com%2Fwp-admin%2F&reauth=1" "Mozilla/5.0 (Windows NT 6.1; Win64; x64) AppleWebKit/537.36 (KHTML, like Gecko) Chrome/78.0.3904.108 Safari/537.36"
127.0.0.1 - - [16/Sep/2020:18:14:42 +0800] "POST /wp-cron.php?doing_wp_cron=1600251282.4159550666809082031250 HTTP/1.1" 200 5 "http://www.blogs.com/wp-cron.php?doing_wp_cron=1600251282.4159550666809082031250" "WordPress/5.4.2; http://www.blogs.com"
192.168.1.6 - - [16/Sep/2020:18:14:42 +0800] "GET /wp-admin/ HTTP/1.1" 302 5 "http://www.blogs.com/wp-login.php?redirect_to=http%3A%2F%2Fwww.blogs.com%2Fwp-admin%2F&reauth=1" "Mozilla/5.0 (Windows NT 6.1; Win64; x64) AppleWebKit/537.36 (KHTML, like Gecko) Chrome/78.0.3904.108 Safari/537.36"
127.0.0.1 - - [16/Sep/2020:18:14:42 +0800] "POST /wp-cron.php?doing_wp_cron=1600251282.4715731143951416015625 HTTP/1.1" 200 5 "http://www.blogs.com/wp-cron.php?doing_wp_cron=1600251282.4715731143951416015625" "WordPress/5.4.2; http://www.blogs.com"
192.168.1.6 - - [16/Sep/2020:18:14:42 +0800] "GET /wp-login.php?redirect_to=http%3A%2F%2Fwww.blogs.com%2Fwp-admin%2F&reauth=1 HTTP/1.1" 200 4944 "http://www.blogs.com/wp-login.php?redirect_to=http%3A%2F%2Fwww.blogs.com%2Fwp-admin%2F&reauth=1" "Mozilla/5.0 (Windows NT 6.1; Win64; x64) AppleWebKit/537.36 (KHTML, like Gecko) Chrome/78.0.3904.108 Safari/537.36"
192.168.1.6 - - [16/Sep/2020:18:15:08 +0800] "GET /wp-login.php?redirect_to=http%3A%2F%2Fwww.blogs.com%2Fwp-admin%2F&reauth=1 HTTP/1.1" 500 2649 "http://www.blogs.com/wp-login.php?redirect_to=http%3A%2F%2Fwww.blogs.com%2Fwp-admin%2F&reauth=1" "Mozilla/5.0 (Windows NT 6.1; Win64; x64) AppleWebKit/537.36 (KHTML, like Gecko) Chrome/78.0.3904.108 Safari/537.36"
192.168.1.6 - - [16/Sep/2020:18:15:09 +0800] "GET /wp-login.php?redirect_to=http%3A%2F%2Fwww.blogs.com%2Fwp-admin%2F&reauth=1 HTTP/1.1" 500 2649 "http://www.blogs.com/wp-login.php?redirect_to=http%3A%2F%2Fwww.blogs.com%2Fwp-admin%2F&reauth=1" "Mozilla/5.0 (Windows NT 6.1; Win64; x64) AppleWebKit/537.36 (KHTML, like Gecko) Chrome/78.0.3904.108 Safari/537.36"
192.168.1.6 - - [16/Sep/2020:18:15:10 +0800] "GET /wp-login.php?redirect_to=http%3A%2F%2Fwww.blogs.com%2Fwp-admin%2F&reauth=1 HTTP/1.1" 500 2649 "http://www.blogs.com/wp-login.php?redirect_to=http%3A%2F%2Fwww.blogs.com%2Fwp-admin%2F&reauth=1" "Mozilla/5.0 (Windows NT 6.1; Win64; x64) AppleWebKit/537.36 (KHTML, like Gecko) Chrome/78.0.3904.108 Safari/537.36"
192.168.1.6 - - [16/Sep/2020:18:15:10 +0800] "GET /wp-login.php?redirect_to=http%3A%2F%2Fwww.blogs.com%2Fwp-admin%2F&reauth=1 HTTP/1.1" 500 2649 "http://www.blogs.com/wp-login.php?redirect_to=http%3A%2F%2Fwww.blogs.com%2Fwp-admin%2F&reauth=1" "Mozilla/5.0 (Windows NT 6.1; Win64; x64) AppleWebKit/537.36 (KHTML, like Gecko) Chrome/78.0.3904.108 Safari/537.36"
192.168.1.6 - - [16/Sep/2020:18:15:10 +0800] "GET /wp-login.php?redirect_to=http%3A%2F%2Fwww.blogs.com%2Fwp-admin%2F&reauth=1 HTTP/1.1" 500 2649 "http://www.blogs.com/wp-login.php?redirect_to=http%3A%2F%2Fwww.blogs.com%2Fwp-admin%2F&reauth=1" "Mozilla/5.0 (Windows NT 6.1; Win64; x64) AppleWebKit/537.36 (KHTML, like Gecko) Chrome/78.0.3904.108 Safari/537.36"
192.168.1.6 - - [16/Sep/2020:18:15:11 +0800] "GET /wp-login.php?redirect_to=http%3A%2F%2Fwww.blogs.com%2Fwp-admin%2F&reauth=1 HTTP/1.1" 500 2649 "http://www.blogs.com/wp-login.php?redirect_to=http%3A%2F%2Fwww.blogs.com%2Fwp-admin%2F&reauth=1" "Mozilla/5.0 (Windows NT 6.1; Win64; x64) AppleWebKit/537.36 (KHTML, like Gecko) Chrome/78.0.3904.108 Safari/537.36"
192.168.1.6 - - [16/Sep/2020:18:15:11 +0800] "GET /wp-login.php?redirect_to=http%3A%2F%2Fwww.blogs.com%2Fwp-admin%2F&reauth=1 HTTP/1.1" 500 2649 "http://www.blogs.com/wp-login.php?redirect_to=http%3A%2F%2Fwww.blogs.com%2Fwp-admin%2F&reauth=1" "Mozilla/5.0 (Windows NT 6.1; Win64; x64) AppleWebKit/537.36 (KHTML, like Gecko) Chrome/78.0.3904.108 Safari/537.36"
192.168.1.6 - - [16/Sep/2020:18:15:11 +0800] "GET /wp-login.php?redirect_to=http%3A%2F%2Fwww.blogs.com%2Fwp-admin%2F&reauth=1 HTTP/1.1" 500 2649 "http://www.blogs.com/wp-login.php?redirect_to=http%3A%2F%2Fwww.blogs.com%2Fwp-admin%2F&reauth=1" "Mozilla/5.0 (Windows NT 6.1; Win64; x64) AppleWebKit/537.36 (KHTML, like Gecko) Chrome/78.0.3904.108 Safari/537.36"
192.168.1.6 - - [16/Sep/2020:18:15:16 +0800] "GET /wp-admin/install.php HTTP/1.1" 500 3268 "-" "Mozilla/5.0 (Windows NT 6.1; Win64; x64) AppleWebKit/537.36 (KHTML, like Gecko) Chrome/78.0.3904.108 Safari/537.36"
192.168.1.6 - - [16/Sep/2020:18:15:18 +0800] "GET /wp-admin/install.php HTTP/1.1" 500 3291 "-" "Mozilla/5.0 (Windows NT 6.1; Win64; x64) AppleWebKit/537.36 (KHTML, like Gecko) Chrome/78.0.3904.108 Safari/537.36"
192.168.1.6 - - [16/Sep/2020:18:15:19 +0800] "GET /wp-admin/install.php HTTP/1.1" 500 3268 "-" "Mozilla/5.0 (Windows NT 6.1; Win64; x64) AppleWebKit/537.36 (KHTML, like Gecko) Chrome/78.0.3904.108 Safari/537.36"
192.168.1.6 - - [16/Sep/2020:18:15:20 +0800] "GET /wp-admin/install.php HTTP/1.1" 500 3291 "-" "Mozilla/5.0 (Windows NT 6.1; Win64; x64) AppleWebKit/537.36 (KHTML, like Gecko) Chrome/78.0.3904.108 Safari/537.36"
192.168.1.6 - - [16/Sep/2020:18:15:20 +0800] "GET /wp-admin/install.php HTTP/1.1" 500 3268 "-" "Mozilla/5.0 (Windows NT 6.1; Win64; x64) AppleWebKit/537.36 (KHTML, like Gecko) Chrome/78.0.3904.108 Safari/537.36"
192.168.1.6 - - [16/Sep/2020:18:15:21 +0800] "GET /wp-admin/install.php HTTP/1.1" 500 3291 "-" "Mozilla/5.0 (Windows NT 6.1; Win64; x64) AppleWebKit/537.36 (KHTML, like Gecko) Chrome/78.0.3904.108 Safari/537.36"
192.168.1.6 - - [16/Sep/2020:18:15:22 +0800] "GET /wp-admin/install.php HTTP/1.1" 500 3268 "-" "Mozilla/5.0 (Windows NT 6.1; Win64; x64) AppleWebKit/537.36 (KHTML, like Gecko) Chrome/78.0.3904.108 Safari/537.36"
192.168.1.6 - - [16/Sep/2020:18:15:31 +0800] "GET /wp-admin/install.php HTTP/1.1" 500 3291 "-" "Mozilla/5.0 (Windows NT 6.1; Win64; x64) AppleWebKit/537.36 (KHTML, like Gecko) Chrome/78.0.3904.108 Safari/537.36"
192.168.1.6 - - [16/Sep/2020:18:15:32 +0800] "GET /wp-admin/install.php HTTP/1.1" 500 3268 "-" "Mozilla/5.0 (Windows NT 6.1; Win64; x64) AppleWebKit/537.36 (KHTML, like Gecko) Chrome/78.0.3904.108 Safari/537.36"
192.168.1.6 - - [16/Sep/2020:18:15:33 +0800] "GET /wp-admin/install.php HTTP/1.1" 500 3291 "-" "Mozilla/5.0 (Windows NT 6.1; Win64; x64) AppleWebKit/537.36 (KHTML, like Gecko) Chrome/78.0.3904.108 Safari/537.36"
192.168.1.6 - - [16/Sep/2020:18:15:33 +0800] "GET /wp-admin/install.php HTTP/1.1" 500 3268 "-" "Mozilla/5.0 (Windows NT 6.1; Win64; x64) AppleWebKit/537.36 (KHTML, like Gecko) Chrome/78.0.3904.108 Safari/537.36"
192.168.1.6 - - [16/Sep/2020:18:15:34 +0800] "GET /wp-admin/install.php HTTP/1.1" 500 3291 "-" "Mozilla/5.0 (Windows NT 6.1; Win64; x64) AppleWebKit/537.36 (KHTML, like Gecko) Chrome/78.0.3904.108 Safari/537.36"
192.168.1.6 - - [16/Sep/2020:18:15:34 +0800] "GET /wp-admin/install.php HTTP/1.1" 500 3268 "-" "Mozilla/5.0 (Windows NT 6.1; Win64; x64) AppleWebKit/537.36 (KHTML, like Gecko) Chrome/78.0.3904.108 Safari/537.36"
192.168.1.6 - - [16/Sep/2020:18:15:35 +0800] "GET /wp-admin/install.php HTTP/1.1" 500 3291 "-" "Mozilla/5.0 (Windows NT 6.1; Win64; x64) AppleWebKit/537.36 (KHTML, like Gecko) Chrome/78.0.3904.108 Safari/537.36"
192.168.1.6 - - [16/Sep/2020:18:15:35 +0800] "GET /wp-admin/install.php HTTP/1.1" 500 3268 "-" "Mozilla/5.0 (Windows NT 6.1; Win64; x64) AppleWebKit/537.36 (KHTML, like Gecko) Chrome/78.0.3904.108 Safari/537.36"
192.168.1.6 - - [16/Sep/2020:18:15:36 +0800] "GET /wp-admin/install.php HTTP/1.1" 500 3291 "-" "Mozilla/5.0 (Windows NT 6.1; Win64; x64) AppleWebKit/537.36 (KHTML, like Gecko) Chrome/78.0.3904.108 Safari/537.36"
192.168.1.6 - - [16/Sep/2020:18:15:36 +0800] "GET /wp-admin/install.php HTTP/1.1" 500 3268 "-" "Mozilla/5.0 (Windows NT 6.1; Win64; x64) AppleWebKit/537.36 (KHTML, like Gecko) Chrome/78.0.3904.108 Safari/537.36"
192.168.1.6 - - [16/Sep/2020:18:15:37 +0800] "GET /wp-admin/install.php HTTP/1.1" 500 3291 "-" "Mozilla/5.0 (Windows NT 6.1; Win64; x64) AppleWebKit/537.36 (KHTML, like Gecko) Chrome/78.0.3904.108 Safari/537.36"
192.168.1.6 - - [16/Sep/2020:18:15:38 +0800] "GET /wp-admin/install.php HTTP/1.1" 500 3268 "-" "Mozilla/5.0 (Windows NT 6.1; Win64; x64) AppleWebKit/537.36 (KHTML, like Gecko) Chrome/78.0.3904.108 Safari/537.36"
192.168.1.6 - - [16/Sep/2020:18:15:49 +0800] "GET /wp-admin/install.php HTTP/1.1" 500 3291 "-" "Mozilla/5.0 (Windows NT 6.1; Win64; x64) AppleWebKit/537.36 (KHTML, like Gecko) Chrome/78.0.3904.108 Safari/537.36"
192.168.1.6 - - [16/Sep/2020:18:15:50 +0800] "GET /wp-admin/install.php HTTP/1.1" 500 3268 "-" "Mozilla/5.0 (Windows NT 6.1; Win64; x64) AppleWebKit/537.36 (KHTML, like Gecko) Chrome/78.0.3904.108 Safari/537.36"
192.168.1.6 - - [16/Sep/2020:18:16:29 +0800] "GET /wp-admin/install.php HTTP/1.1" 500 3291 "-" "Mozilla/5.0 (Windows NT 6.1; Win64; x64) AppleWebKit/537.36 (KHTML, like Gecko) Chrome/78.0.3904.108 Safari/537.36"
192.168.1.6 - - [16/Sep/2020:18:16:30 +0800] "GET /wp-admin/install.php HTTP/1.1" 500 3268 "-" "Mozilla/5.0 (Windows NT 6.1; Win64; x64) AppleWebKit/537.36 (KHTML, like Gecko) Chrome/78.0.3904.108 Safari/537.36"
192.168.1.6 - - [16/Sep/2020:18:19:46 +0800] "GET /wp-login.php HTTP/1.1" 500 2649 "http://www.blogs.com/wp-admin/install.php" "Mozilla/5.0 (Windows NT 6.1; Win64; x64) AppleWebKit/537.36 (KHTML, like Gecko) Chrome/78.0.3904.108 Safari/537.36"
192.168.1.6 - - [16/Sep/2020:18:20:04 +0800] "GET / HTTP/1.1" 500 2649 "-" "Mozilla/5.0 (Windows NT 6.1; Win64; x64) AppleWebKit/537.36 (KHTML, like Gecko) Chrome/78.0.3904.108 Safari/537.36"
192.168.1.6 - - [16/Sep/2020:18:20:08 +0800] "GET / HTTP/1.1" 500 2649 "-" "Mozilla/5.0 (Windows NT 6.1; Win64; x64) AppleWebKit/537.36 (KHTML, like Gecko) Chrome/78.0.3904.108 Safari/537.36"
192.168.1.6 - - [16/Sep/2020:18:20:08 +0800] "GET / HTTP/1.1" 500 2649 "-" "Mozilla/5.0 (Windows NT 6.1; Win64; x64) AppleWebKit/537.36 (KHTML, like Gecko) Chrome/78.0.3904.108 Safari/537.36"
192.168.1.6 - - [16/Sep/2020:18:20:09 +0800] "GET / HTTP/1.1" 500 2649 "-" "Mozilla/5.0 (Windows NT 6.1; Win64; x64) AppleWebKit/537.36 (KHTML, like Gecko) Chrome/78.0.3904.108 Safari/537.36"
192.168.1.6 - - [16/Sep/2020:18:20:09 +0800] "GET / HTTP/1.1" 500 2649 "-" "Mozilla/5.0 (Windows NT 6.1; Win64; x64) AppleWebKit/537.36 (KHTML, like Gecko) Chrome/78.0.3904.108 Safari/537.36"
192.168.1.6 - - [16/Sep/2020:18:20:09 +0800] "GET / HTTP/1.1" 500 2649 "-" "Mozilla/5.0 (Windows NT 6.1; Win64; x64) AppleWebKit/537.36 (KHTML, like Gecko) Chrome/78.0.3904.108 Safari/537.36"
192.168.1.6 - - [16/Sep/2020:18:20:09 +0800] "GET / HTTP/1.1" 500 2649 "-" "Mozilla/5.0 (Windows NT 6.1; Win64; x64) AppleWebKit/537.36 (KHTML, like Gecko) Chrome/78.0.3904.108 Safari/537.36"
192.168.1.6 - - [16/Sep/2020:18:20:10 +0800] "GET / HTTP/1.1" 500 2649 "-" "Mozilla/5.0 (Windows NT 6.1; Win64; x64) AppleWebKit/537.36 (KHTML, like Gecko) Chrome/78.0.3904.108 Safari/537.36"
192.168.1.6 - - [16/Sep/2020:18:20:10 +0800] "GET / HTTP/1.1" 500 2649 "-" "Mozilla/5.0 (Windows NT 6.1; Win64; x64) AppleWebKit/537.36 (KHTML, like Gecko) Chrome/78.0.3904.108 Safari/537.36"
192.168.1.6 - - [16/Sep/2020:18:20:10 +0800] "GET / HTTP/1.1" 500 2649 "-" "Mozilla/5.0 (Windows NT 6.1; Win64; x64) AppleWebKit/537.36 (KHTML, like Gecko) Chrome/78.0.3904.108 Safari/537.36"
192.168.1.6 - - [16/Sep/2020:18:20:31 +0800] "GET /mysql.php HTTP/1.1" 200 39 "-" "Mozilla/5.0 (Windows NT 6.1; Win64; x64) AppleWebKit/537.36 (KHTML, like Gecko) Chrome/78.0.3904.108 Safari/537.36"
192.168.1.6 - - [16/Sep/2020:18:20:33 +0800] "GET /mysql.php HTTP/1.1" 200 39 "-" "Mozilla/5.0 (Windows NT 6.1; Win64; x64) AppleWebKit/537.36 (KHTML, like Gecko) Chrome/78.0.3904.108 Safari/537.36"
192.168.1.6 - - [16/Sep/2020:18:20:34 +0800] "GET /mysql.php HTTP/1.1" 200 39 "-" "Mozilla/5.0 (Windows NT 6.1; Win64; x64) AppleWebKit/537.36 (KHTML, like Gecko) Chrome/78.0.3904.108 Safari/537.36"
192.168.1.6 - - [16/Sep/2020:18:20:34 +0800] "GET /mysql.php HTTP/1.1" 200 39 "-" "Mozilla/5.0 (Windows NT 6.1; Win64; x64) AppleWebKit/537.36 (KHTML, like Gecko) Chrome/78.0.3904.108 Safari/537.36"
192.168.1.6 - - [16/Sep/2020:18:20:34 +0800] "GET /mysql.php HTTP/1.1" 200 39 "-" "Mozilla/5.0 (Windows NT 6.1; Win64; x64) AppleWebKit/537.36 (KHTML, like Gecko) Chrome/78.0.3904.108 Safari/537.36"
192.168.1.6 - - [16/Sep/2020:18:20:35 +0800] "GET /mysql.php HTTP/1.1" 200 39 "-" "Mozilla/5.0 (Windows NT 6.1; Win64; x64) AppleWebKit/537.36 (KHTML, like Gecko) Chrome/78.0.3904.108 Safari/537.36"
192.168.1.6 - - [16/Sep/2020:18:20:35 +0800] "GET /mysql.php HTTP/1.1" 200 39 "-" "Mozilla/5.0 (Windows NT 6.1; Win64; x64) AppleWebKit/537.36 (KHTML, like Gecko) Chrome/78.0.3904.108 Safari/537.36"
192.168.1.6 - - [16/Sep/2020:18:20:35 +0800] "GET /mysql.php HTTP/1.1" 200 39 "-" "Mozilla/5.0 (Windows NT 6.1; Win64; x64) AppleWebKit/537.36 (KHTML, like Gecko) Chrome/78.0.3904.108 Safari/537.36"
192.168.1.6 - - [16/Sep/2020:18:20:35 +0800] "GET /mysql.php HTTP/1.1" 200 39 "-" "Mozilla/5.0 (Windows NT 6.1; Win64; x64) AppleWebKit/537.36 (KHTML, like Gecko) Chrome/78.0.3904.108 Safari/537.36"
192.168.1.6 - - [16/Sep/2020:18:20:35 +0800] "GET /mysql.php HTTP/1.1" 200 39 "-" "Mozilla/5.0 (Windows NT 6.1; Win64; x64) AppleWebKit/537.36 (KHTML, like Gecko) Chrome/78.0.3904.108 Safari/537.36"
192.168.1.6 - - [16/Sep/2020:18:20:35 +0800] "GET /mysql.php HTTP/1.1" 200 39 "-" "Mozilla/5.0 (Windows NT 6.1; Win64; x64) AppleWebKit/537.36 (KHTML, like Gecko) Chrome/78.0.3904.108 Safari/537.36"
192.168.1.6 - - [16/Sep/2020:18:21:04 +0800] "GET / HTTP/1.1" 500 2649 "-" "Mozilla/5.0 (Windows NT 6.1; Win64; x64) AppleWebKit/537.36 (KHTML, like Gecko) Chrome/78.0.3904.108 Safari/537.36"
192.168.1.6 - - [16/Sep/2020:18:21:31 +0800] "GET /wp-admin/install.php HTTP/1.1" 500 3268 "-" "Mozilla/5.0 (Windows NT 6.1; Win64; x64) AppleWebKit/537.36 (KHTML, like Gecko) Chrome/78.0.3904.108 Safari/537.36"
192.168.1.6 - - [16/Sep/2020:18:21:37 +0800] "GET /wp-admin/ HTTP/1.1" 500 3291 "-" "Mozilla/5.0 (Windows NT 6.1; Win64; x64) AppleWebKit/537.36 (KHTML, like Gecko) Chrome/78.0.3904.108 Safari/537.36"
192.168.1.6 - - [16/Sep/2020:18:21:41 +0800] "GET /wp-admin/ HTTP/1.1" 500 3268 "-" "Mozilla/5.0 (Windows NT 6.1; Win64; x64) AppleWebKit/537.36 (KHTML, like Gecko) Chrome/78.0.3904.108 Safari/537.36"
192.168.1.6 - - [16/Sep/2020:18:21:42 +0800] "GET /wp-admin/ HTTP/1.1" 500 3291 "-" "Mozilla/5.0 (Windows NT 6.1; Win64; x64) AppleWebKit/537.36 (KHTML, like Gecko) Chrome/78.0.3904.108 Safari/537.36"
192.168.1.6 - - [16/Sep/2020:18:21:42 +0800] "GET /wp-admin/ HTTP/1.1" 500 3268 "-" "Mozilla/5.0 (Windows NT 6.1; Win64; x64) AppleWebKit/537.36 (KHTML, like Gecko) Chrome/78.0.3904.108 Safari/537.36"
192.168.1.6 - - [16/Sep/2020:18:21:43 +0800] "GET /wp-admin/ HTTP/1.1" 500 3291 "-" "Mozilla/5.0 (Windows NT 6.1; Win64; x64) AppleWebKit/537.36 (KHTML, like Gecko) Chrome/78.0.3904.108 Safari/537.36"
192.168.1.6 - - [16/Sep/2020:18:23:31 +0800] "GET /wp-admin/ HTTP/1.1" 500 3268 "-" "Mozilla/5.0 (Windows NT 6.1; Win64; x64) AppleWebKit/537.36 (KHTML, like Gecko) Chrome/78.0.3904.108 Safari/537.36"
192.168.1.6 - - [16/Sep/2020:18:23:31 +0800] "GET /wp-admin/ HTTP/1.1" 500 3291 "-" "Mozilla/5.0 (Windows NT 6.1; Win64; x64) AppleWebKit/537.36 (KHTML, like Gecko) Chrome/78.0.3904.108 Safari/537.36"
192.168.1.6 - - [16/Sep/2020:18:24:00 +0800] "GET /wp-admin/ HTTP/1.1" 500 3291 "-" "Mozilla/5.0 (Windows NT 6.1; Win64; x64) AppleWebKit/537.36 (KHTML, like Gecko) Chrome/78.0.3904.108 Safari/537.36"
192.168.1.6 - - [16/Sep/2020:18:24:01 +0800] "GET /wp-admin/ HTTP/1.1" 500 3291 "-" "Mozilla/5.0 (Windows NT 6.1; Win64; x64) AppleWebKit/537.36 (KHTML, like Gecko) Chrome/78.0.3904.108 Safari/537.36"
192.168.1.6 - - [16/Sep/2020:18:24:02 +0800] "GET /wp-admin/ HTTP/1.1" 500 3291 "-" "Mozilla/5.0 (Windows NT 6.1; Win64; x64) AppleWebKit/537.36 (KHTML, like Gecko) Chrome/78.0.3904.108 Safari/537.36"
192.168.1.6 - - [16/Sep/2020:18:24:02 +0800] "GET /wp-admin/ HTTP/1.1" 500 3291 "-" "Mozilla/5.0 (Windows NT 6.1; Win64; x64) AppleWebKit/537.36 (KHTML, like Gecko) Chrome/78.0.3904.108 Safari/537.36"
192.168.1.6 - - [16/Sep/2020:18:24:02 +0800] "GET /wp-admin/ HTTP/1.1" 500 3291 "-" "Mozilla/5.0 (Windows NT 6.1; Win64; x64) AppleWebKit/537.36 (KHTML, like Gecko) Chrome/78.0.3904.108 Safari/537.36"
192.168.1.6 - - [16/Sep/2020:18:24:02 +0800] "GET /wp-admin/ HTTP/1.1" 500 3291 "-" "Mozilla/5.0 (Windows NT 6.1; Win64; x64) AppleWebKit/537.36 (KHTML, like Gecko) Chrome/78.0.3904.108 Safari/537.36"
192.168.1.6 - - [16/Sep/2020:18:24:02 +0800] "GET /wp-admin/ HTTP/1.1" 500 3291 "-" "Mozilla/5.0 (Windows NT 6.1; Win64; x64) AppleWebKit/537.36 (KHTML, like Gecko) Chrome/78.0.3904.108 Safari/537.36"
192.168.1.6 - - [16/Sep/2020:18:24:05 +0800] "GET /wp-admin/install.php HTTP/1.1" 500 3291 "-" "Mozilla/5.0 (Windows NT 6.1; Win64; x64) AppleWebKit/537.36 (KHTML, like Gecko) Chrome/78.0.3904.108 Safari/537.36"
192.168.1.6 - - [16/Sep/2020:18:24:07 +0800] "GET /wp-admin/install.php HTTP/1.1" 500 3291 "-" "Mozilla/5.0 (Windows NT 6.1; Win64; x64) AppleWebKit/537.36 (KHTML, like Gecko) Chrome/78.0.3904.108 Safari/537.36"
192.168.1.6 - - [16/Sep/2020:18:24:08 +0800] "GET /wp-admin/install.php HTTP/1.1" 500 3291 "-" "Mozilla/5.0 (Windows NT 6.1; Win64; x64) AppleWebKit/537.36 (KHTML, like Gecko) Chrome/78.0.3904.108 Safari/537.36"
192.168.1.6 - - [16/Sep/2020:18:24:08 +0800] "GET /wp-admin/install.php HTTP/1.1" 500 3291 "-" "Mozilla/5.0 (Windows NT 6.1; Win64; x64) AppleWebKit/537.36 (KHTML, like Gecko) Chrome/78.0.3904.108 Safari/537.36"
192.168.1.6 - - [16/Sep/2020:18:24:08 +0800] "GET /wp-admin/install.php HTTP/1.1" 500 3291 "-" "Mozilla/5.0 (Windows NT 6.1; Win64; x64) AppleWebKit/537.36 (KHTML, like Gecko) Chrome/78.0.3904.108 Safari/537.36"
192.168.1.6 - - [16/Sep/2020:18:24:08 +0800] "GET /wp-admin/install.php HTTP/1.1" 500 3291 "-" "Mozilla/5.0 (Windows NT 6.1; Win64; x64) AppleWebKit/537.36 (KHTML, like Gecko) Chrome/78.0.3904.108 Safari/537.36"
192.168.1.6 - - [16/Sep/2020:18:24:17 +0800] "GET /wp-admin/install.php HTTP/1.1" 500 3291 "-" "Mozilla/5.0 (Windows NT 6.1; Win64; x64) AppleWebKit/537.36 (KHTML, like Gecko) Chrome/78.0.3904.108 Safari/537.36"
192.168.1.6 - - [16/Sep/2020:18:24:23 +0800] "GET /wp-admin/install.php HTTP/1.1" 500 3291 "-" "Mozilla/5.0 (Windows NT 6.1; Win64; x64) AppleWebKit/537.36 (KHTML, like Gecko) Chrome/78.0.3904.108 Safari/537.36"
192.168.1.6 - - [16/Sep/2020:18:24:23 +0800] "GET /wp-admin/install.php HTTP/1.1" 500 3291 "-" "Mozilla/5.0 (Windows NT 6.1; Win64; x64) AppleWebKit/537.36 (KHTML, like Gecko) Chrome/78.0.3904.108 Safari/537.36"
192.168.1.6 - - [16/Sep/2020:18:24:23 +0800] "GET /wp-admin/install.php HTTP/1.1" 500 3291 "-" "Mozilla/5.0 (Windows NT 6.1; Win64; x64) AppleWebKit/537.36 (KHTML, like Gecko) Chrome/78.0.3904.108 Safari/537.36"
192.168.1.6 - - [16/Sep/2020:18:24:23 +0800] "GET /wp-admin/install.php HTTP/1.1" 500 3291 "-" "Mozilla/5.0 (Windows NT 6.1; Win64; x64) AppleWebKit/537.36 (KHTML, like Gecko) Chrome/78.0.3904.108 Safari/537.36"
192.168.1.6 - - [16/Sep/2020:18:25:06 +0800] "GET /wp-admin/install.php HTTP/1.1" 200 6361 "-" "Mozilla/5.0 (Windows NT 6.1; Win64; x64) AppleWebKit/537.36 (KHTML, like Gecko) Chrome/78.0.3904.108 Safari/537.36"
192.168.1.6 - - [16/Sep/2020:18:25:06 +0800] "GET /wp-includes/css/dashicons.min.css?ver=5.4.2 HTTP/1.1" 200 47558 "http://www.blogs.com/wp-admin/install.php" "Mozilla/5.0 (Windows NT 6.1; Win64; x64) AppleWebKit/537.36 (KHTML, like Gecko) Chrome/78.0.3904.108 Safari/537.36"
192.168.1.6 - - [16/Sep/2020:18:25:06 +0800] "GET /wp-includes/css/buttons.min.css?ver=5.4.2 HTTP/1.1" 200 5867 "http://www.blogs.com/wp-admin/install.php" "Mozilla/5.0 (Windows NT 6.1; Win64; x64) AppleWebKit/537.36 (KHTML, like Gecko) Chrome/78.0.3904.108 Safari/537.36"
192.168.1.6 - - [16/Sep/2020:18:25:06 +0800] "GET /wp-admin/css/forms.min.css?ver=5.4.2 HTTP/1.1" 200 24453 "http://www.blogs.com/wp-admin/install.php" "Mozilla/5.0 (Windows NT 6.1; Win64; x64) AppleWebKit/537.36 (KHTML, like Gecko) Chrome/78.0.3904.108 Safari/537.36"
192.168.1.6 - - [16/Sep/2020:18:25:06 +0800] "GET /wp-admin/css/l10n.min.css?ver=5.4.2 HTTP/1.1" 200 2477 "http://www.blogs.com/wp-admin/install.php" "Mozilla/5.0 (Windows NT 6.1; Win64; x64) AppleWebKit/537.36 (KHTML, like Gecko) Chrome/78.0.3904.108 Safari/537.36"
192.168.1.6 - - [16/Sep/2020:18:25:06 +0800] "GET /wp-includes/js/jquery/jquery.js?ver=1.12.4-wp HTTP/1.1" 200 96873 "http://www.blogs.com/wp-admin/install.php" "Mozilla/5.0 (Windows NT 6.1; Win64; x64) AppleWebKit/537.36 (KHTML, like Gecko) Chrome/78.0.3904.108 Safari/537.36"
192.168.1.6 - - [16/Sep/2020:18:25:06 +0800] "GET /wp-includes/js/zxcvbn-async.min.js?ver=1.0 HTTP/1.1" 200 353 "http://www.blogs.com/wp-admin/install.php" "Mozilla/5.0 (Windows NT 6.1; Win64; x64) AppleWebKit/537.36 (KHTML, like Gecko) Chrome/78.0.3904.108 Safari/537.36"
192.168.1.6 - - [16/Sep/2020:18:25:06 +0800] "GET /wp-admin/css/install.min.css?ver=5.4.2 HTTP/1.1" 200 5126 "http://www.blogs.com/wp-admin/install.php" "Mozilla/5.0 (Windows NT 6.1; Win64; x64) AppleWebKit/537.36 (KHTML, like Gecko) Chrome/78.0.3904.108 Safari/537.36"
192.168.1.6 - - [16/Sep/2020:18:25:06 +0800] "GET /wp-admin/js/password-strength-meter.min.js?ver=5.4.2 HTTP/1.1" 200 766 "http://www.blogs.com/wp-admin/install.php" "Mozilla/5.0 (Windows NT 6.1; Win64; x64) AppleWebKit/537.36 (KHTML, like Gecko) Chrome/78.0.3904.108 Safari/537.36"
192.168.1.6 - - [16/Sep/2020:18:25:06 +0800] "GET /wp-includes/js/jquery/jquery-migrate.min.js?ver=1.4.1 HTTP/1.1" 200 10056 "http://www.blogs.com/wp-admin/install.php" "Mozilla/5.0 (Windows NT 6.1; Win64; x64) AppleWebKit/537.36 (KHTML, like Gecko) Chrome/78.0.3904.108 Safari/537.36"
192.168.1.6 - - [16/Sep/2020:18:25:06 +0800] "GET /wp-includes/js/underscore.min.js?ver=1.8.3 HTTP/1.1" 200 16154 "http://www.blogs.com/wp-admin/install.php" "Mozilla/5.0 (Windows NT 6.1; Win64; x64) AppleWebKit/537.36 (KHTML, like Gecko) Chrome/78.0.3904.108 Safari/537.36"
192.168.1.6 - - [16/Sep/2020:18:25:06 +0800] "GET /wp-includes/js/wp-util.min.js?ver=5.4.2 HTTP/1.1" 200 1079 "http://www.blogs.com/wp-admin/install.php" "Mozilla/5.0 (Windows NT 6.1; Win64; x64) AppleWebKit/537.36 (KHTML, like Gecko) Chrome/78.0.3904.108 Safari/537.36"
192.168.1.6 - - [16/Sep/2020:18:25:06 +0800] "GET /wp-admin/js/user-profile.min.js?ver=5.4.2 HTTP/1.1" 200 5583 "http://www.blogs.com/wp-admin/install.php" "Mozilla/5.0 (Windows NT 6.1; Win64; x64) AppleWebKit/537.36 (KHTML, like Gecko) Chrome/78.0.3904.108 Safari/537.36"
192.168.1.6 - - [16/Sep/2020:18:25:06 +0800] "GET /wp-admin/images/wordpress-logo.svg?ver=20131107 HTTP/1.1" 200 1521 "http://www.blogs.com/wp-admin/css/install.min.css?ver=5.4.2" "Mozilla/5.0 (Windows NT 6.1; Win64; x64) AppleWebKit/537.36 (KHTML, like Gecko) Chrome/78.0.3904.108 Safari/537.36"
192.168.1.6 - - [16/Sep/2020:18:25:06 +0800] "GET /wp-includes/js/zxcvbn.min.js HTTP/1.1" 200 822237 "http://www.blogs.com/wp-admin/install.php" "Mozilla/5.0 (Windows NT 6.1; Win64; x64) AppleWebKit/537.36 (KHTML, like Gecko) Chrome/78.0.3904.108 Safari/537.36"
192.168.1.6 - - [16/Sep/2020:18:25:36 +0800] "GET /wp-admin/install.php HTTP/1.1" 500 3268 "-" "Mozilla/5.0 (Windows NT 6.1; Win64; x64) AppleWebKit/537.36 (KHTML, like Gecko) Chrome/78.0.3904.108 Safari/537.36"
192.168.1.6 - - [16/Sep/2020:18:25:39 +0800] "GET /wp-admin/install.php HTTP/1.1" 500 3291 "-" "Mozilla/5.0 (Windows NT 6.1; Win64; x64) AppleWebKit/537.36 (KHTML, like Gecko) Chrome/78.0.3904.108 Safari/537.36"
192.168.1.6 - - [16/Sep/2020:18:38:54 +0800] "GET / HTTP/1.1" 500 2649 "-" "Mozilla/5.0 (Windows NT 6.1; Win64; x64) AppleWebKit/537.36 (KHTML, like Gecko) Chrome/78.0.3904.108 Safari/537.36"
192.168.1.6 - - [16/Sep/2020:18:38:57 +0800] "GET /wp-admin/install.php HTTP/1.1" 200 6365 "-" "Mozilla/5.0 (Windows NT 6.1; Win64; x64) AppleWebKit/537.36 (KHTML, like Gecko) Chrome/78.0.3904.108 Safari/537.36"
192.168.1.6 - - [16/Sep/2020:18:39:17 +0800] "POST /wp-admin/install.php?step=2 HTTP/1.1" 500 3268 "http://www.blogs.com/wp-admin/install.php" "Mozilla/5.0 (Windows NT 6.1; Win64; x64) AppleWebKit/537.36 (KHTML, like Gecko) Chrome/78.0.3904.108 Safari/537.36"
192.168.1.6 - - [16/Sep/2020:18:39:24 +0800] "POST /wp-admin/install.php?step=2 HTTP/1.1" 200 7673 "http://www.blogs.com/wp-admin/install.php" "Mozilla/5.0 (Windows NT 6.1; Win64; x64) AppleWebKit/537.36 (KHTML, like Gecko) Chrome/78.0.3904.108 Safari/537.36"
192.168.1.6 - - [16/Sep/2020:18:42:22 +0800] "GET /wp-admin/install.php HTTP/1.1" 500 3268 "-" "Mozilla/5.0 (Windows NT 6.1; Win64; x64) AppleWebKit/537.36 (KHTML, like Gecko) Chrome/78.0.3904.108 Safari/537.36"
192.168.1.6 - - [16/Sep/2020:18:42:23 +0800] "GET /wp-admin/install.php HTTP/1.1" 200 1362 "-" "Mozilla/5.0 (Windows NT 6.1; Win64; x64) AppleWebKit/537.36 (KHTML, like Gecko) Chrome/78.0.3904.108 Safari/537.36"
192.168.1.6 - - [16/Sep/2020:18:42:24 +0800] "GET /wp-login.php HTTP/1.1" 500 2649 "http://www.blogs.com/wp-admin/install.php" "Mozilla/5.0 (Windows NT 6.1; Win64; x64) AppleWebKit/537.36 (KHTML, like Gecko) Chrome/78.0.3904.108 Safari/537.36"
127.0.0.1 - - [16/Sep/2020:18:42:26 +0800] "POST /wp-cron.php?doing_wp_cron=1600252946.8794069290161132812500 HTTP/1.1" 200 5 "http://www.blogs.com/wp-cron.php?doing_wp_cron=1600252946.8794069290161132812500" "WordPress/5.4.2; http://www.blogs.com"
192.168.1.6 - - [16/Sep/2020:18:42:26 +0800] "GET /wp-login.php HTTP/1.1" 200 4938 "http://www.blogs.com/wp-admin/install.php" "Mozilla/5.0 (Windows NT 6.1; Win64; x64) AppleWebKit/537.36 (KHTML, like Gecko) Chrome/78.0.3904.108 Safari/537.36"
192.168.1.6 - - [16/Sep/2020:18:42:26 +0800] "GET /wp-admin/css/login.min.css?ver=5.4.2 HTTP/1.1" 200 5312 "http://www.blogs.com/wp-login.php" "Mozilla/5.0 (Windows NT 6.1; Win64; x64) AppleWebKit/537.36 (KHTML, like Gecko) Chrome/78.0.3904.108 Safari/537.36"
192.168.1.6 - - [16/Sep/2020:18:42:51 +0800] "POST /wp-login.php HTTP/1.1" 500 2649 "http://www.blogs.com/wp-login.php" "Mozilla/5.0 (Windows NT 6.1; Win64; x64) AppleWebKit/537.36 (KHTML, like Gecko) Chrome/78.0.3904.108 Safari/537.36"
192.168.1.6 - - [16/Sep/2020:18:42:54 +0800] "POST /wp-login.php HTTP/1.1" 500 2649 "http://www.blogs.com/wp-login.php" "Mozilla/5.0 (Windows NT 6.1; Win64; x64) AppleWebKit/537.36 (KHTML, like Gecko) Chrome/78.0.3904.108 Safari/537.36"
192.168.1.6 - - [16/Sep/2020:18:42:57 +0800] "POST /wp-login.php HTTP/1.1" 302 5 "http://www.blogs.com/wp-login.php" "Mozilla/5.0 (Windows NT 6.1; Win64; x64) AppleWebKit/537.36 (KHTML, like Gecko) Chrome/78.0.3904.108 Safari/537.36"
192.168.1.6 - - [16/Sep/2020:18:42:57 +0800] "GET /wp-admin/ HTTP/1.1" 500 3268 "http://www.blogs.com/wp-login.php" "Mozilla/5.0 (Windows NT 6.1; Win64; x64) AppleWebKit/537.36 (KHTML, like Gecko) Chrome/78.0.3904.108 Safari/537.36"
